Release 14.7 - xst P.20131013 (nt64)
Copyright (c) 1995-2013 Xilinx, Inc.  All rights reserved.
--> Parameter TMPDIR set to xst/projnav.tmp


Total REAL time to Xst completion: 0.00 secs
Total CPU time to Xst completion: 0.23 secs
 
--> Parameter xsthdpdir set to xst


Total REAL time to Xst completion: 0.00 secs
Total CPU time to Xst completion: 0.23 secs
 
--> Reading design: SCRODQB_Top.prj

TABLE OF CONTENTS
  1) Synthesis Options Summary
  2) HDL Parsing
  3) HDL Elaboration
  4) HDL Synthesis
       4.1) HDL Synthesis Report
  5) Advanced HDL Synthesis
       5.1) Advanced HDL Synthesis Report
  6) Low Level Synthesis
  7) Partition Report
  8) Design Summary
       8.1) Primitive and Black Box Usage
       8.2) Device utilization summary
       8.3) Partition Resource Summary
       8.4) Timing Report
            8.4.1) Clock Information
            8.4.2) Asynchronous Control Signals Information
            8.4.3) Timing Summary
            8.4.4) Timing Details
            8.4.5) Cross Clock Domains Report


=========================================================================
*                      Synthesis Options Summary                        *
=========================================================================
---- Source Parameters
Input File Name                    : "SCRODQB_Top.prj"
Ignore Synthesis Constraint File   : NO

---- Target Parameters
Output File Name                   : "SCRODQB_Top"
Output Format                      : NGC
Target Device                      : xc6slx150t-3-fgg676

---- Source Options
Top Module Name                    : SCRODQB_Top
Automatic FSM Extraction           : YES
FSM Encoding Algorithm             : Auto
Safe Implementation                : No
FSM Style                          : LUT
RAM Extraction                     : Yes
RAM Style                          : Auto
ROM Extraction                     : Yes
Shift Register Extraction          : YES
ROM Style                          : Auto
Resource Sharing                   : YES
Asynchronous To Synchronous        : NO
Shift Register Minimum Size        : 2
Use DSP Block                      : Auto
Automatic Register Balancing       : No

---- Target Options
LUT Combining                      : Auto
Reduce Control Sets                : Auto
Add IO Buffers                     : YES
Global Maximum Fanout              : 100000
Add Generic Clock Buffer(BUFG)     : 16
Register Duplication               : YES
Optimize Instantiated Primitives   : NO
Use Clock Enable                   : Auto
Use Synchronous Set                : Auto
Use Synchronous Reset              : Auto
Pack IO Registers into IOBs        : Auto
Equivalent register Removal        : YES

---- General Options
Optimization Goal                  : Speed
Optimization Effort                : 1
Power Reduction                    : NO
Keep Hierarchy                     : No
Netlist Hierarchy                  : As_Optimized
RTL Output                         : Yes
Global Optimization                : AllClockNets
Read Cores                         : YES
Write Timing Constraints           : NO
Cross Clock Analysis               : NO
Hierarchy Separator                : /
Bus Delimiter                      : <>
Case Specifier                     : Maintain
Slice Utilization Ratio            : 100
BRAM Utilization Ratio             : 100
DSP48 Utilization Ratio            : 100
Auto BRAM Packing                  : NO
Slice Utilization Ratio Delta      : 5

---- Other Options
Cores Search Directories           : {"../SCROD_A5_RJ45/ipcore_dir/STATE_FIFO" "../SCROD_A5_RJ45/ipcore_dir/CMD_FIFO_w1r8" "ipcore_dir" "../../../QBLink/QBlink/cores" "../../../QBLink/QBlink/ipcore_dir" "../../../SCROD_ETHERNET_V3/ExampleProject/ise/coregen" "remoteFiles/SCROD_ETHERNET_V3/ExampleProject/ise/coregen" "../../mRICH_hodo_DC_V1/mRICH_hodo_DC_V1/hodo_dc_v1/cores"  }

=========================================================================


=========================================================================
*                          HDL Parsing                                  *
=========================================================================
Parsing VHDL file "C:\Users\Kevin\Desktop\HMB-FW\EIC-Beamtest-FW\SCROD_A5_RJ45\SCROD_Rev1\ipcore_dir\udp64kfifo.vhd" into library work
Parsing entity <udp64kfifo>.
Parsing architecture <udp64kfifo_a> of entity <udp64kfifo>.
Parsing VHDL file "C:\Users\Kevin\Desktop\HMB-FW\QBLink\QBlink\cores\serializationFifo.vhd" into library work
Parsing entity <serializationFifo>.
Parsing architecture <serializationFifo_a> of entity <serializationfifo>.
Parsing VHDL file "C:\Users\Kevin\Desktop\QBLink\QBlink\cores\clockgen_bytelink.vhd" into library work
Parsing entity <clockgen_bytelink>.
Parsing architecture <xilinx> of entity <clockgen_bytelink>.
Parsing VHDL file "C:\Users\Kevin\Desktop\HMB-FW\QBLink\QBlink\ipcore_dir\QBLtxFIFO.vhd" into library work
Parsing entity <QBLtxFIFO>.
Parsing architecture <QBLtxFIFO_a> of entity <qbltxfifo>.
Parsing VHDL file "C:\Users\Kevin\Desktop\HMB-FW\QBLink\QBlink\cores\CMD_FIFO_w8r32.vhd" into library work
Parsing entity <CMD_FIFO_w8r32>.
Parsing architecture <CMD_FIFO_w8r32_a> of entity <cmd_fifo_w8r32>.
Parsing VHDL file "C:\Users\Kevin\Desktop\HMB-FW\EIC-Beamtest-FW\SCROD_A5_RJ45\SCROD_Rev1\ipcore_dir\clk_Div.vhd" into library work
Parsing entity <clk_Div>.
Parsing architecture <xilinx> of entity <clk_div>.
Parsing VHDL file "C:\Users\Kevin\Desktop\HMB-FW\QBLink\source\UtilityPkg.vhd" into library work
Parsing package <UtilityPkg>.
Parsing package body <UtilityPkg>.
Parsing VHDL file "C:\Users\Kevin\Desktop\HMB-FW\EIC-Beamtest-FW\SCROD_A5_RJ45\SCROD_Rev1\remoteFiles\SCROD_ETHERNET_V3\firmware-ethernet\Ethernet\General\rtl\GigabitEthPkg.vhd" into library work
Parsing package <GigabitEthPkg>.
Parsing package body <GigabitEthPkg>.
Parsing VHDL file "C:\Users\Kevin\Desktop\HMB-FW\EIC-Beamtest-FW\SCROD_A5_RJ45\SCROD_Rev1\remoteFiles\SCROD_ETHERNET_V3\firmware-ethernet\Ethernet\1000BASE-X\rtl\Eth1000BaseXPkg.vhd" into library work
Parsing package <Eth1000BaseXPkg>.
Parsing package body <Eth1000BaseXPkg>.
Parsing VHDL file "C:\Users\Kevin\Desktop\HMB-FW\EIC-Beamtest-FW\SCROD_A5_RJ45\SCROD_Rev1\remoteFiles\SCROD_ETHERNET_V3\ExampleProject\ise\coregen\fifo8x64.vhd" into library work
Parsing entity <fifo8x64>.
Parsing architecture <fifo8x64_a> of entity <fifo8x64>.
Parsing VHDL file "C:\Users\Kevin\Desktop\HMB-FW\EIC-Beamtest-FW\SCROD_A5_RJ45\SCROD_Rev1\remoteFiles\SCROD_ETHERNET_V3\ExampleProject\ise\coregen\bram8x3000.vhd" into library work
Parsing entity <bram8x3000>.
Parsing architecture <bram8x3000_a> of entity <bram8x3000>.
Parsing VHDL file "C:\Users\Kevin\Desktop\HMB-FW\EIC-Beamtest-FW\SCROD_A5_RJ45\SCROD_Rev1\remoteFiles\SCROD_ETHERNET_V3\ExampleProject\firmware-general\General\rtl\CrcPkg.vhd" into library work
Parsing package <CrcPkg>.
Parsing package body <CrcPkg>.
Parsing entity <Crc32>.
Parsing architecture <rtl> of entity <crc32>.
Parsing VHDL file "C:\Users\Kevin\Desktop\HMB-FW\EIC-Beamtest-FW\SCROD_A5_RJ45\SCROD_Rev1\remoteFiles\SCROD_ETHERNET_V3\firmware-ethernet\Ethernet\General\rtl\EthLayerTx.vhd" into library work
Parsing entity <EthFrameTx>.
Parsing architecture <rtl> of entity <ethframetx>.
Parsing VHDL file "C:\Users\Kevin\Desktop\HMB-FW\EIC-Beamtest-FW\SCROD_A5_RJ45\SCROD_Rev1\remoteFiles\SCROD_ETHERNET_V3\firmware-ethernet\Ethernet\General\rtl\EthLayerRx.vhd" into library work
Parsing entity <EthFrameRx>.
Parsing architecture <rtl> of entity <ethframerx>.
Parsing VHDL file "C:\Users\Kevin\Desktop\HMB-FW\EIC-Beamtest-FW\SCROD_A5_RJ45\SCROD_Rev1\remoteFiles\SCROD_ETHERNET_V3\firmware-ethernet\Ethernet\General\rtl\ArpPacketTx.vhd" into library work
Parsing entity <ArpPacketTx>.
Parsing architecture <rtl> of entity <arppackettx>.
Parsing VHDL file "C:\Users\Kevin\Desktop\HMB-FW\EIC-Beamtest-FW\SCROD_A5_RJ45\SCROD_Rev1\remoteFiles\SCROD_ETHERNET_V3\firmware-ethernet\Ethernet\General\rtl\ArpPacketRx.vhd" into library work
Parsing entity <ArpPacketRx>.
Parsing architecture <rtl> of entity <arppacketrx>.
Parsing VHDL file "C:\Users\Kevin\Desktop\HMB-FW\EIC-Beamtest-FW\SCROD_A5_RJ45\SCROD_Rev1\remoteFiles\SCROD_ETHERNET_V3\firmware-ethernet\Ethernet\General\rtl\ArpIpArbiter.vhd" into library work
Parsing entity <ArpIpArbiter>.
Parsing architecture <rtl> of entity <arpiparbiter>.
Parsing VHDL file "C:\Users\Kevin\Desktop\HMB-FW\EIC-Beamtest-FW\SCROD_A5_RJ45\SCROD_Rev1\remoteFiles\SCROD_ETHERNET_V3\firmware-ethernet\Ethernet\1000BASE-X\rtl\Eth1000BaseXMacTx.vhd" into library work
Parsing entity <Eth1000BaseXMacTx>.
Parsing architecture <rtl> of entity <eth1000basexmactx>.
Parsing VHDL file "C:\Users\Kevin\Desktop\HMB-FW\EIC-Beamtest-FW\SCROD_A5_RJ45\SCROD_Rev1\remoteFiles\SCROD_ETHERNET_V3\firmware-ethernet\Ethernet\1000BASE-X\rtl\Eth1000BaseXMacRx.vhd" into library work
Parsing entity <Eth1000BaseXMacRx>.
Parsing architecture <rtl> of entity <eth1000basexmacrx>.
Parsing VHDL file "C:\Users\Kevin\Desktop\HMB-FW\EIC-Beamtest-FW\SCROD_A5_RJ45\SCROD_Rev1\remoteFiles\SCROD_ETHERNET_V3\ExampleProject\ise\coregen\fifoDist8x16.vhd" into library work
Parsing entity <fifoDist8x16>.
Parsing architecture <fifoDist8x16_a> of entity <fifodist8x16>.
Parsing VHDL file "C:\Users\Kevin\Desktop\HMB-FW\EIC-Beamtest-FW\SCROD_A5_RJ45\SCROD_Rev1\remoteFiles\SCROD_ETHERNET_V3\ExampleProject\ise\coregen\fifo32x512RxAxi.vhd" into library work
Parsing entity <fifo32x512RxAxi>.
Parsing architecture <fifo32x512RxAxi_a> of entity <fifo32x512rxaxi>.
Parsing VHDL file "C:\Users\Kevin\Desktop\HMB-FW\EIC-Beamtest-FW\SCROD_A5_RJ45\SCROD_Rev1\remoteFiles\SCROD_ETHERNET_V3\ExampleProject\ise\coregen\fifo16x64.vhd" into library work
Parsing entity <fifo16x64>.
Parsing architecture <fifo16x64_a> of entity <fifo16x64>.
Parsing VHDL file "C:\Users\Kevin\Desktop\HMB-FW\QBLink\source\Encode8b10b.vhd" into library work
Parsing entity <Encode8b10b>.
Parsing architecture <rtl> of entity <encode8b10b>.
Parsing VHDL file "C:\Users\Kevin\Desktop\HMB-FW\QBLink\source\Decode8b10b.vhd" into library work
Parsing entity <Decode8b10b>.
Parsing architecture <rtl> of entity <decode8b10b>.
Parsing VHDL file "C:\Users\Kevin\Desktop\HMB-FW\EIC-Beamtest-FW\SCROD_A5_RJ45\SCROD_Rev1\remoteFiles\SCROD_ETHERNET_V3\firmware-ethernet\Ethernet\General\rtl\UdpTxFragmenter.vhd" into library work
Parsing entity <UdpTxFragmenter>.
Parsing architecture <rtl> of entity <udptxfragmenter>.
Parsing VHDL file "C:\Users\Kevin\Desktop\HMB-FW\EIC-Beamtest-FW\SCROD_A5_RJ45\SCROD_Rev1\remoteFiles\SCROD_ETHERNET_V3\firmware-ethernet\Ethernet\General\rtl\UdpBufferTx.vhd" into library work
Parsing entity <UdpBufferTx>.
Parsing architecture <rtl> of entity <udpbuffertx>.
Parsing VHDL file "C:\Users\Kevin\Desktop\HMB-FW\EIC-Beamtest-FW\SCROD_A5_RJ45\SCROD_Rev1\remoteFiles\SCROD_ETHERNET_V3\firmware-ethernet\Ethernet\General\rtl\UdpBufferRx.vhd" into library work
Parsing entity <UdpBufferRx>.
Parsing architecture <rtl> of entity <udpbufferrx>.
WARNING:HDLCompiler:946 - "C:\Users\Kevin\Desktop\HMB-FW\EIC-Beamtest-FW\SCROD_A5_RJ45\SCROD_Rev1\remoteFiles\SCROD_ETHERNET_V3\firmware-ethernet\Ethernet\General\rtl\UdpBufferRx.vhd" Line 130: Actual for formal port s_aresetn is neither a static name nor a globally static expression
Parsing VHDL file "C:\Users\Kevin\Desktop\HMB-FW\EIC-Beamtest-FW\SCROD_A5_RJ45\SCROD_Rev1\remoteFiles\SCROD_ETHERNET_V3\firmware-ethernet\Ethernet\General\rtl\IPv4Tx.vhd" into library work
Parsing entity <IPv4Tx>.
Parsing architecture <rtl> of entity <ipv4tx>.
Parsing VHDL file "C:\Users\Kevin\Desktop\HMB-FW\EIC-Beamtest-FW\SCROD_A5_RJ45\SCROD_Rev1\remoteFiles\SCROD_ETHERNET_V3\firmware-ethernet\Ethernet\General\rtl\IPv4Rx.vhd" into library work
Parsing entity <IPv4Rx>.
Parsing architecture <rtl> of entity <ipv4rx>.
Parsing VHDL file "C:\Users\Kevin\Desktop\HMB-FW\EIC-Beamtest-FW\SCROD_A5_RJ45\SCROD_Rev1\remoteFiles\SCROD_ETHERNET_V3\firmware-ethernet\Ethernet\General\rtl\IpV4Arbiter.vhd" into library work
Parsing entity <IpV4Arbiter>.
Parsing architecture <rtl> of entity <ipv4arbiter>.
WARNING:HDLCompiler:946 - "C:\Users\Kevin\Desktop\HMB-FW\EIC-Beamtest-FW\SCROD_A5_RJ45\SCROD_Rev1\remoteFiles\SCROD_ETHERNET_V3\firmware-ethernet\Ethernet\General\rtl\IpV4Arbiter.vhd" Line 82: Actual for formal port s_aresetn is neither a static name nor a globally static expression
Parsing VHDL file "C:\Users\Kevin\Desktop\HMB-FW\EIC-Beamtest-FW\SCROD_A5_RJ45\SCROD_Rev1\remoteFiles\SCROD_ETHERNET_V3\firmware-ethernet\Ethernet\General\rtl\EthTx.vhd" into library work
Parsing entity <EthTx>.
Parsing architecture <Behavioral> of entity <ethtx>.
Parsing VHDL file "C:\Users\Kevin\Desktop\HMB-FW\EIC-Beamtest-FW\SCROD_A5_RJ45\SCROD_Rev1\remoteFiles\SCROD_ETHERNET_V3\firmware-ethernet\Ethernet\General\rtl\EthRx.vhd" into library work
Parsing entity <EthRx>.
Parsing architecture <Behavioral> of entity <ethrx>.
Parsing VHDL file "C:\Users\Kevin\Desktop\HMB-FW\EIC-Beamtest-FW\SCROD_A5_RJ45\SCROD_Rev1\remoteFiles\SCROD_ETHERNET_V3\firmware-ethernet\Ethernet\General\rtl\ArpResponder.vhd" into library work
Parsing entity <ArpResponder>.
Parsing architecture <rtl> of entity <arpresponder>.
Parsing VHDL file "C:\Users\Kevin\Desktop\HMB-FW\EIC-Beamtest-FW\SCROD_A5_RJ45\SCROD_Rev1\remoteFiles\SCROD_ETHERNET_V3\firmware-ethernet\Ethernet\1000BASE-X\rtl\Eth1000BaseXAbilityMatch.vhd" into library work
Parsing entity <Eth1000BaseXAbilityMatch>.
Parsing architecture <rtl> of entity <eth1000basexabilitymatch>.
Parsing VHDL file "C:\Users\Kevin\Desktop\HMB-FW\EIC-Beamtest-FW\SCROD_A5_RJ45\SCROD_Rev1\remoteFiles\SCROD_ETHERNET_V3\ExampleProject\ise\coregen\fifo18x16.vhd" into library work
Parsing entity <fifo18x16>.
Parsing architecture <fifo18x16_a> of entity <fifo18x16>.
Parsing VHDL file "C:\Users\Kevin\Desktop\HMB-FW\QBLink\source\S6SerialInterfaceOut.vhd" into library work
Parsing entity <S6SerialInterfaceOut>.
Parsing architecture <Behavioral> of entity <s6serialinterfaceout>.
WARNING:HDLCompiler:946 - "C:\Users\Kevin\Desktop\HMB-FW\QBLink\source\S6SerialInterfaceOut.vhd" Line 64: Actual for formal port rd_en is neither a static name nor a globally static expression
WARNING:HDLCompiler:946 - "C:\Users\Kevin\Desktop\HMB-FW\QBLink\source\S6SerialInterfaceOut.vhd" Line 129: Actual for formal port c1 is neither a static name nor a globally static expression
Parsing VHDL file "C:\Users\Kevin\Desktop\HMB-FW\QBLink\source\S6SerialInterfaceIn.vhd" into library work
Parsing entity <S6SerialInterfaceIn>.
Parsing architecture <Behavioral> of entity <s6serialinterfacein>.
WARNING:HDLCompiler:946 - "C:\Users\Kevin\Desktop\HMB-FW\QBLink\source\S6SerialInterfaceIn.vhd" Line 80: Actual for formal port c1 is neither a static name nor a globally static expression
WARNING:HDLCompiler:946 - "C:\Users\Kevin\Desktop\HMB-FW\QBLink\source\S6SerialInterfaceIn.vhd" Line 197: Actual for formal port rd_en is neither a static name nor a globally static expression
Parsing VHDL file "C:\Users\Kevin\Desktop\HMB-FW\QBLink\source\ByteLink.vhd" into library work
Parsing entity <ByteLink>.
Parsing architecture <rtl> of entity <bytelink>.
Parsing VHDL file "C:\Users\Kevin\Desktop\HMB-FW\QBLink\QBlink\ipcore_dir\clockgen_bytelink.vhd" into library work
Parsing entity <clockgen_bytelink>.
Parsing architecture <xilinx> of entity <clockgen_bytelink>.
WARNING:HDLCompiler:686 - "C:\Users\Kevin\Desktop\HMB-FW\QBLink\QBlink\ipcore_dir\clockgen_bytelink.vhd" Line 86: Overwriting existing secondary unit xilinx
Parsing VHDL file "C:\Users\Kevin\Desktop\HMB-FW\EIC-Beamtest-FW\SCROD_A5_RJ45\SCROD_Rev1\remoteFiles\SCROD_ETHERNET_V3\firmware-ethernet\Ethernet\General\rtl\EthCore.vhd" into library work
Parsing entity <EthCore>.
Parsing architecture <Behavioral> of entity <ethcore>.
Parsing VHDL file "C:\Users\Kevin\Desktop\HMB-FW\EIC-Beamtest-FW\SCROD_A5_RJ45\SCROD_Rev1\remoteFiles\SCROD_ETHERNET_V3\firmware-ethernet\Ethernet\1000BASE-X\rtl\Eth1000BaseXRxSync.vhd" into library work
Parsing entity <Eth1000BaseXRxSync>.
Parsing architecture <rtl> of entity <eth1000basexrxsync>.
Parsing VHDL file "C:\Users\Kevin\Desktop\HMB-FW\EIC-Beamtest-FW\SCROD_A5_RJ45\SCROD_Rev1\remoteFiles\SCROD_ETHERNET_V3\firmware-ethernet\Ethernet\1000BASE-X\rtl\Eth1000BaseXAutoNeg.vhd" into library work
Parsing entity <Eth1000BaseXAutoNeg>.
Parsing architecture <rtl> of entity <eth1000basexautoneg>.
Parsing VHDL file "C:\Users\Kevin\Desktop\HMB-FW\EIC-Beamtest-FW\SCROD_A5_RJ45\SCROD_Rev1\remoteFiles\SCROD_ETHERNET_V3\firmware-ethernet\Ethernet\1000BASE-X\rtl\Eth1000BaseX8To16Mux.vhd" into library work
Parsing entity <Eth1000BaseX8To16Mux>.
Parsing architecture <rtl> of entity <eth1000basex8to16mux>.
Parsing VHDL file "C:\Users\Kevin\Desktop\HMB-FW\EIC-Beamtest-FW\SCROD_A5_RJ45\SCROD_Rev1\remoteFiles\SCROD_ETHERNET_V3\firmware-ethernet\Ethernet\1000BASE-X\rtl\Eth1000BaseX16To8Mux.vhd" into library work
Parsing entity <Eth1000BaseX16To8Mux>.
Parsing architecture <rtl> of entity <eth1000basex16to8mux>.
Parsing VHDL file "C:\Users\Kevin\Desktop\HMB-FW\EIC-Beamtest-FW\SCROD_A5_RJ45\SCROD_Rev1\remoteFiles\SCROD_ETHERNET_V3\ExampleProject\firmware-general\General\rtl\SyncBit.vhd" into library work
Parsing entity <SyncBit>.
Parsing architecture <rtl> of entity <syncbit>.
Parsing VHDL file "C:\Users\Kevin\Desktop\HMB-FW\EIC-Beamtest-FW\SCROD_A5_RJ45\SCROD_Rev1\GtpS6Tile.vhd" into library work
Parsing entity <GtpS6Tile>.
Parsing architecture <RTL> of entity <gtps6tile>.
Parsing VHDL file "C:\Users\Kevin\Desktop\HMB-FW\QBLink\source\QBlink.vhd" into library work
Parsing entity <QBlink>.
Parsing architecture <Behavioral> of entity <qblink>.
Parsing VHDL file "C:\Users\Kevin\Desktop\HMB-FW\EIC-Beamtest-FW\SCROD_A5_RJ45\SCROD_Rev1\remoteFiles\SCROD_ETHERNET_V3\firmware-ethernet\ExampleProject\firmware-general\Transceivers\S6\GtpS6.vhd" into library work
Parsing entity <GtpS6>.
Parsing architecture <rtl> of entity <gtps6>.
WARNING:HDLCompiler:946 - "C:\Users\Kevin\Desktop\HMB-FW\EIC-Beamtest-FW\SCROD_A5_RJ45\SCROD_Rev1\remoteFiles\SCROD_ETHERNET_V3\firmware-ethernet\ExampleProject\firmware-general\Transceivers\S6\GtpS6.vhd" Line 235: Actual for formal port rst is neither a static name nor a globally static expression
Parsing VHDL file "C:\Users\Kevin\Desktop\HMB-FW\EIC-Beamtest-FW\SCROD_A5_RJ45\SCROD_Rev1\remoteFiles\SCROD_ETHERNET_V3\firmware-ethernet\ExampleProject\firmware-general\General\rtl\InitRst.vhd" into library work
Parsing entity <InitRst>.
Parsing architecture <rtl> of entity <initrst>.
Parsing VHDL file "C:\Users\Kevin\Desktop\HMB-FW\EIC-Beamtest-FW\SCROD_A5_RJ45\SCROD_Rev1\remoteFiles\SCROD_ETHERNET_V3\firmware-ethernet\Ethernet\1000BASE-X\rtl\Eth1000BaseXCore.vhd" into library work
Parsing entity <Eth1000BaseXCore>.
Parsing architecture <Behavioral> of entity <eth1000basexcore>.
Parsing VHDL file "C:\Users\Kevin\Desktop\HMB-FW\EIC-Beamtest-FW\SCROD_A5_RJ45\SCROD_Rev1\BMD_definitions.vhd" into library work
Parsing package <BMD_definitions>.
Parsing package body <BMD_definitions>.
Parsing VHDL file "C:\Users\Kevin\Desktop\HMB-FW\EIC-Beamtest-FW\SCROD_A5_RJ45\SCROD_Rev1\remoteFiles\SCROD_ETHERNET_V3\firmware-ethernet\Ethernet\S6\rtl\S6EthTop.vhd" into library work
Parsing entity <S6EthTop>.
Parsing architecture <Behavioral> of entity <s6ethtop>.
WARNING:HDLCompiler:946 - "C:\Users\Kevin\Desktop\HMB-FW\EIC-Beamtest-FW\SCROD_A5_RJ45\SCROD_Rev1\remoteFiles\SCROD_ETHERNET_V3\firmware-ethernet\Ethernet\S6\rtl\S6EthTop.vhd" Line 255: Actual for formal port rst is neither a static name nor a globally static expression
WARNING:HDLCompiler:946 - "C:\Users\Kevin\Desktop\HMB-FW\EIC-Beamtest-FW\SCROD_A5_RJ45\SCROD_Rev1\remoteFiles\SCROD_ETHERNET_V3\firmware-ethernet\Ethernet\S6\rtl\S6EthTop.vhd" Line 268: Actual for formal port rst is neither a static name nor a globally static expression
WARNING:HDLCompiler:946 - "C:\Users\Kevin\Desktop\HMB-FW\EIC-Beamtest-FW\SCROD_A5_RJ45\SCROD_Rev1\remoteFiles\SCROD_ETHERNET_V3\firmware-ethernet\Ethernet\S6\rtl\S6EthTop.vhd" Line 279: Actual for formal port rst is neither a static name nor a globally static expression
WARNING:HDLCompiler:946 - "C:\Users\Kevin\Desktop\HMB-FW\EIC-Beamtest-FW\SCROD_A5_RJ45\SCROD_Rev1\remoteFiles\SCROD_ETHERNET_V3\firmware-ethernet\Ethernet\S6\rtl\S6EthTop.vhd" Line 289: Actual for formal port rst is neither a static name nor a globally static expression
WARNING:HDLCompiler:946 - "C:\Users\Kevin\Desktop\HMB-FW\EIC-Beamtest-FW\SCROD_A5_RJ45\SCROD_Rev1\remoteFiles\SCROD_ETHERNET_V3\firmware-ethernet\Ethernet\S6\rtl\S6EthTop.vhd" Line 405: Actual for formal port asyncbit is neither a static name nor a globally static expression
Parsing VHDL file "C:\Users\Kevin\Desktop\HMB-FW\EIC-Beamtest-FW\SCROD_A5_RJ45\SCROD_Rev1\remoteFiles\SCROD_ETHERNET_V3\ExampleProject\firmware-general\General\rtl\CommandInterpreter.vhd" into library work
Parsing entity <CommandInterpreter>.
Parsing architecture <rtl> of entity <commandinterpreter>.
Parsing VHDL file "C:\Users\Kevin\Desktop\HMB-FW\EIC-Beamtest-FW\SCROD_A5_RJ45\SCROD_Rev1\IO_Buffers.vhd" into library work
Parsing entity <IO_Buffers>.
Parsing architecture <Behavioral> of entity <io_buffers>.
WARNING:HDLCompiler:946 - "C:\Users\Kevin\Desktop\HMB-FW\EIC-Beamtest-FW\SCROD_A5_RJ45\SCROD_Rev1\IO_Buffers.vhd" Line 90: Actual for formal port c1 is neither a static name nor a globally static expression
Parsing VHDL file "C:\Users\Kevin\Desktop\HMB-FW\EIC-Beamtest-FW\SCROD_A5_RJ45\SCROD_Rev1\DC_Comm.vhd" into library work
Parsing entity <DC_Comm>.
Parsing architecture <Behaviorial> of entity <dc_comm>.
Parsing VHDL file "C:\Users\Kevin\Desktop\HMB-FW\EIC-Beamtest-FW\SCROD_A5_RJ45\SCROD_Rev1\SCRODQB_Top.vhd" into library work
Parsing entity <SCRODQB_Top>.
Parsing architecture <Behavioral> of entity <scrodqb_top>.
WARNING:HDLCompiler:946 - "C:\Users\Kevin\Desktop\HMB-FW\EIC-Beamtest-FW\SCROD_A5_RJ45\SCROD_Rev1\SCRODQB_Top.vhd" Line 227: Actual for formal port ipaddrs is neither a static name nor a globally static expression

=========================================================================
*                            HDL Elaboration                            *
=========================================================================

Elaborating entity <SCRODQB_Top> (architecture <Behavioral>) with generics from library <work>.
WARNING:HDLCompiler:871 - "C:\Users\Kevin\Desktop\HMB-FW\EIC-Beamtest-FW\SCROD_A5_RJ45\SCROD_Rev1\SCRODQB_Top.vhd" Line 82: Using initial value '0' for fabclk since it is never assigned
WARNING:HDLCompiler:871 - "C:\Users\Kevin\Desktop\HMB-FW\EIC-Beamtest-FW\SCROD_A5_RJ45\SCROD_Rev1\SCRODQB_Top.vhd" Line 91: Using initial value ("00000000","01000100","01010110","00000000","00000011","00000001") for ethcoremacaddr since it is never assigned
WARNING:HDLCompiler:871 - "C:\Users\Kevin\Desktop\HMB-FW\EIC-Beamtest-FW\SCROD_A5_RJ45\SCROD_Rev1\SCRODQB_Top.vhd" Line 92: Using initial value ("11000000","10101000","00000001","00010100") for ethcoreipaddr since it is never assigned
WARNING:HDLCompiler:871 - "C:\Users\Kevin\Desktop\HMB-FW\EIC-Beamtest-FW\SCROD_A5_RJ45\SCROD_Rev1\SCRODQB_Top.vhd" Line 93: Using initial value ("11000000","10101000","00000001","00100001") for ethcoreipaddr1 since it is never assigned
WARNING:HDLCompiler:871 - "C:\Users\Kevin\Desktop\HMB-FW\EIC-Beamtest-FW\SCROD_A5_RJ45\SCROD_Rev1\SCRODQB_Top.vhd" Line 142: Using initial value '0' for dcm_rst since it is never assigned

Elaborating entity <clk_Div> (architecture <xilinx>) from library <work>.

Elaborating entity <IO_Buffers> (architecture <Behavioral>) with generics from library <work>.

Elaborating entity <S6EthTop> (architecture <Behavioral>) with generics from library <work>.

Elaborating entity <GtpS6> (architecture <rtl>) with generics from library <work>.
WARNING:HDLCompiler:1127 - "C:\Users\Kevin\Desktop\HMB-FW\EIC-Beamtest-FW\SCROD_A5_RJ45\SCROD_Rev1\remoteFiles\SCROD_ETHERNET_V3\firmware-ethernet\ExampleProject\firmware-general\Transceivers\S6\GtpS6.vhd" Line 191: Assignment to dcminputclockstopped ignored, since the identifier is never used

Elaborating entity <GtpS6Tile> (architecture <RTL>) with generics from library <work>.
WARNING:HDLCompiler:1127 - "C:\Users\Kevin\Desktop\HMB-FW\EIC-Beamtest-FW\SCROD_A5_RJ45\SCROD_Rev1\GtpS6Tile.vhd" Line 240: Assignment to tied_to_vcc_vec_i ignored, since the identifier is never used
WARNING:HDLCompiler:1127 - "C:\Users\Kevin\Desktop\HMB-FW\EIC-Beamtest-FW\SCROD_A5_RJ45\SCROD_Rev1\GtpS6Tile.vhd" Line 579: Assignment to rxchariscomma0_float_i ignored, since the identifier is never used
WARNING:HDLCompiler:1127 - "C:\Users\Kevin\Desktop\HMB-FW\EIC-Beamtest-FW\SCROD_A5_RJ45\SCROD_Rev1\GtpS6Tile.vhd" Line 581: Assignment to rxchariscomma1_float_i ignored, since the identifier is never used
WARNING:HDLCompiler:1127 - "C:\Users\Kevin\Desktop\HMB-FW\EIC-Beamtest-FW\SCROD_A5_RJ45\SCROD_Rev1\GtpS6Tile.vhd" Line 583: Assignment to rxcharisk0_float_i ignored, since the identifier is never used
WARNING:HDLCompiler:1127 - "C:\Users\Kevin\Desktop\HMB-FW\EIC-Beamtest-FW\SCROD_A5_RJ45\SCROD_Rev1\GtpS6Tile.vhd" Line 585: Assignment to rxcharisk1_float_i ignored, since the identifier is never used
WARNING:HDLCompiler:1127 - "C:\Users\Kevin\Desktop\HMB-FW\EIC-Beamtest-FW\SCROD_A5_RJ45\SCROD_Rev1\GtpS6Tile.vhd" Line 589: Assignment to rxdisperr0_float_i ignored, since the identifier is never used
WARNING:HDLCompiler:1127 - "C:\Users\Kevin\Desktop\HMB-FW\EIC-Beamtest-FW\SCROD_A5_RJ45\SCROD_Rev1\GtpS6Tile.vhd" Line 591: Assignment to rxdisperr1_float_i ignored, since the identifier is never used
WARNING:HDLCompiler:1127 - "C:\Users\Kevin\Desktop\HMB-FW\EIC-Beamtest-FW\SCROD_A5_RJ45\SCROD_Rev1\GtpS6Tile.vhd" Line 593: Assignment to rxnotintable0_float_i ignored, since the identifier is never used
WARNING:HDLCompiler:1127 - "C:\Users\Kevin\Desktop\HMB-FW\EIC-Beamtest-FW\SCROD_A5_RJ45\SCROD_Rev1\GtpS6Tile.vhd" Line 595: Assignment to rxnotintable1_float_i ignored, since the identifier is never used
WARNING:HDLCompiler:1127 - "C:\Users\Kevin\Desktop\HMB-FW\EIC-Beamtest-FW\SCROD_A5_RJ45\SCROD_Rev1\GtpS6Tile.vhd" Line 597: Assignment to rxrundisp0_float_i ignored, since the identifier is never used
WARNING:HDLCompiler:1127 - "C:\Users\Kevin\Desktop\HMB-FW\EIC-Beamtest-FW\SCROD_A5_RJ45\SCROD_Rev1\GtpS6Tile.vhd" Line 599: Assignment to rxrundisp1_float_i ignored, since the identifier is never used
WARNING:HDLCompiler:1127 - "C:\Users\Kevin\Desktop\HMB-FW\EIC-Beamtest-FW\SCROD_A5_RJ45\SCROD_Rev1\GtpS6Tile.vhd" Line 733: Assignment to txrundisp0_float_i ignored, since the identifier is never used
WARNING:HDLCompiler:1127 - "C:\Users\Kevin\Desktop\HMB-FW\EIC-Beamtest-FW\SCROD_A5_RJ45\SCROD_Rev1\GtpS6Tile.vhd" Line 735: Assignment to txrundisp1_float_i ignored, since the identifier is never used

Elaborating entity <SyncBit> (architecture <rtl>) with generics from library <work>.

Elaborating entity <SyncBit> (architecture <rtl>) with generics from library <work>.

Elaborating entity <Eth1000BaseXCore> (architecture <Behavioral>) with generics from library <work>.

Elaborating entity <EthCore> (architecture <Behavioral>) with generics from library <work>.

Elaborating entity <EthTx> (architecture <Behavioral>) with generics from library <work>.

Elaborating entity <Eth1000BaseXMacTx> (architecture <rtl>) with generics from library <work>.

Elaborating entity <Crc32> (architecture <rtl>) with generics from library <work>.
INFO:HDLCompiler:679 - "C:\Users\Kevin\Desktop\HMB-FW\EIC-Beamtest-FW\SCROD_A5_RJ45\SCROD_Rev1\remoteFiles\SCROD_ETHERNET_V3\ExampleProject\firmware-general\General\rtl\CrcPkg.vhd" Line 559. Case statement is complete. others clause is never selected

Elaborating entity <fifo8x64> (architecture <fifo8x64_a>) from library <work>.
INFO:HDLCompiler:679 - "C:\Users\Kevin\Desktop\HMB-FW\EIC-Beamtest-FW\SCROD_A5_RJ45\SCROD_Rev1\remoteFiles\SCROD_ETHERNET_V3\firmware-ethernet\Ethernet\1000BASE-X\rtl\Eth1000BaseXMacTx.vhd" Line 201. Case statement is complete. others clause is never selected
INFO:HDLCompiler:679 - "C:\Users\Kevin\Desktop\HMB-FW\EIC-Beamtest-FW\SCROD_A5_RJ45\SCROD_Rev1\remoteFiles\SCROD_ETHERNET_V3\firmware-ethernet\Ethernet\1000BASE-X\rtl\Eth1000BaseXMacTx.vhd" Line 331. Case statement is complete. others clause is never selected

Elaborating entity <EthFrameTx> (architecture <rtl>) with generics from library <work>.
INFO:HDLCompiler:679 - "C:\Users\Kevin\Desktop\HMB-FW\EIC-Beamtest-FW\SCROD_A5_RJ45\SCROD_Rev1\remoteFiles\SCROD_ETHERNET_V3\firmware-ethernet\Ethernet\General\rtl\EthLayerTx.vhd" Line 153. Case statement is complete. others clause is never selected

Elaborating entity <ArpPacketTx> (architecture <rtl>) with generics from library <work>.
INFO:HDLCompiler:679 - "C:\Users\Kevin\Desktop\HMB-FW\EIC-Beamtest-FW\SCROD_A5_RJ45\SCROD_Rev1\remoteFiles\SCROD_ETHERNET_V3\firmware-ethernet\Ethernet\General\rtl\ArpPacketTx.vhd" Line 209. Case statement is complete. others clause is never selected

Elaborating entity <ArpIpArbiter> (architecture <rtl>) with generics from library <work>.
INFO:HDLCompiler:679 - "C:\Users\Kevin\Desktop\HMB-FW\EIC-Beamtest-FW\SCROD_A5_RJ45\SCROD_Rev1\remoteFiles\SCROD_ETHERNET_V3\firmware-ethernet\Ethernet\General\rtl\ArpIpArbiter.vhd" Line 124. Case statement is complete. others clause is never selected

Elaborating entity <EthRx> (architecture <Behavioral>) with generics from library <work>.

Elaborating entity <Eth1000BaseXMacRx> (architecture <rtl>) with generics from library <work>.
INFO:HDLCompiler:679 - "C:\Users\Kevin\Desktop\HMB-FW\EIC-Beamtest-FW\SCROD_A5_RJ45\SCROD_Rev1\remoteFiles\SCROD_ETHERNET_V3\firmware-ethernet\Ethernet\1000BASE-X\rtl\Eth1000BaseXMacRx.vhd" Line 170. Case statement is complete. others clause is never selected

Elaborating entity <EthFrameRx> (architecture <rtl>) with generics from library <work>.

Elaborating entity <bram8x3000> (architecture <bram8x3000_a>) from library <work>.
INFO:HDLCompiler:679 - "C:\Users\Kevin\Desktop\HMB-FW\EIC-Beamtest-FW\SCROD_A5_RJ45\SCROD_Rev1\remoteFiles\SCROD_ETHERNET_V3\firmware-ethernet\Ethernet\General\rtl\EthLayerRx.vhd" Line 233. Case statement is complete. others clause is never selected

Elaborating entity <ArpPacketRx> (architecture <rtl>) with generics from library <work>.
INFO:HDLCompiler:679 - "C:\Users\Kevin\Desktop\HMB-FW\EIC-Beamtest-FW\SCROD_A5_RJ45\SCROD_Rev1\remoteFiles\SCROD_ETHERNET_V3\firmware-ethernet\Ethernet\General\rtl\ArpPacketRx.vhd" Line 194. Case statement is complete. others clause is never selected

Elaborating entity <ArpResponder> (architecture <rtl>) with generics from library <work>.
INFO:HDLCompiler:679 - "C:\Users\Kevin\Desktop\HMB-FW\EIC-Beamtest-FW\SCROD_A5_RJ45\SCROD_Rev1\remoteFiles\SCROD_ETHERNET_V3\firmware-ethernet\Ethernet\General\rtl\ArpResponder.vhd" Line 146. Case statement is complete. others clause is never selected

Elaborating entity <IpV4Arbiter> (architecture <rtl>) with generics from library <work>.

Elaborating entity <fifoDist8x16> (architecture <fifoDist8x16_a>) from library <work>.
INFO:HDLCompiler:679 - "C:\Users\Kevin\Desktop\HMB-FW\EIC-Beamtest-FW\SCROD_A5_RJ45\SCROD_Rev1\remoteFiles\SCROD_ETHERNET_V3\firmware-ethernet\Ethernet\General\rtl\IpV4Arbiter.vhd" Line 142. Case statement is complete. others clause is never selected

Elaborating entity <IPv4Tx> (architecture <rtl>) with generics from library <work>.
INFO:HDLCompiler:679 - "C:\Users\Kevin\Desktop\HMB-FW\EIC-Beamtest-FW\SCROD_A5_RJ45\SCROD_Rev1\remoteFiles\SCROD_ETHERNET_V3\firmware-ethernet\Ethernet\General\rtl\IPv4Tx.vhd" Line 255. Case statement is complete. others clause is never selected

Elaborating entity <UdpTxFragmenter> (architecture <rtl>) with generics from library <work>.
INFO:HDLCompiler:679 - "C:\Users\Kevin\Desktop\HMB-FW\EIC-Beamtest-FW\SCROD_A5_RJ45\SCROD_Rev1\remoteFiles\SCROD_ETHERNET_V3\firmware-ethernet\Ethernet\General\rtl\UdpTxFragmenter.vhd" Line 170. Case statement is complete. others clause is never selected

Elaborating entity <UdpBufferTx> (architecture <rtl>) with generics from library <work>.

Elaborating entity <udp64kfifo> (architecture <udp64kfifo_a>) from library <work>.

Elaborating entity <fifo16x64> (architecture <fifo16x64_a>) from library <work>.
INFO:HDLCompiler:679 - "C:\Users\Kevin\Desktop\HMB-FW\EIC-Beamtest-FW\SCROD_A5_RJ45\SCROD_Rev1\remoteFiles\SCROD_ETHERNET_V3\firmware-ethernet\Ethernet\General\rtl\UdpBufferTx.vhd" Line 208. Case statement is complete. others clause is never selected
INFO:HDLCompiler:679 - "C:\Users\Kevin\Desktop\HMB-FW\EIC-Beamtest-FW\SCROD_A5_RJ45\SCROD_Rev1\remoteFiles\SCROD_ETHERNET_V3\firmware-ethernet\Ethernet\General\rtl\UdpBufferTx.vhd" Line 282. Case statement is complete. others clause is never selected

Elaborating entity <UdpTxFragmenter> (architecture <rtl>) with generics from library <work>.
INFO:HDLCompiler:679 - "C:\Users\Kevin\Desktop\HMB-FW\EIC-Beamtest-FW\SCROD_A5_RJ45\SCROD_Rev1\remoteFiles\SCROD_ETHERNET_V3\firmware-ethernet\Ethernet\General\rtl\UdpTxFragmenter.vhd" Line 170. Case statement is complete. others clause is never selected

Elaborating entity <IPv4Rx> (architecture <rtl>) with generics from library <work>.
INFO:HDLCompiler:679 - "C:\Users\Kevin\Desktop\HMB-FW\EIC-Beamtest-FW\SCROD_A5_RJ45\SCROD_Rev1\remoteFiles\SCROD_ETHERNET_V3\firmware-ethernet\Ethernet\General\rtl\IPv4Rx.vhd" Line 165. Case statement is complete. others clause is never selected
INFO:HDLCompiler:679 - "C:\Users\Kevin\Desktop\HMB-FW\EIC-Beamtest-FW\SCROD_A5_RJ45\SCROD_Rev1\remoteFiles\SCROD_ETHERNET_V3\firmware-ethernet\Ethernet\General\rtl\IPv4Rx.vhd" Line 264. Case statement is complete. others clause is never selected

Elaborating entity <UdpBufferRx> (architecture <rtl>) with generics from library <work>.

Elaborating entity <fifo32x512RxAxi> (architecture <fifo32x512RxAxi_a>) from library <work>.
INFO:HDLCompiler:679 - "C:\Users\Kevin\Desktop\HMB-FW\EIC-Beamtest-FW\SCROD_A5_RJ45\SCROD_Rev1\remoteFiles\SCROD_ETHERNET_V3\firmware-ethernet\Ethernet\General\rtl\UdpBufferRx.vhd" Line 208. Case statement is complete. others clause is never selected

Elaborating entity <Eth1000BaseX8To16Mux> (architecture <rtl>) with generics from library <work>.
INFO:HDLCompiler:679 - "C:\Users\Kevin\Desktop\HMB-FW\EIC-Beamtest-FW\SCROD_A5_RJ45\SCROD_Rev1\remoteFiles\SCROD_ETHERNET_V3\firmware-ethernet\Ethernet\1000BASE-X\rtl\Eth1000BaseX8To16Mux.vhd" Line 95. Case statement is complete. others clause is never selected

Elaborating entity <fifo18x16> (architecture <fifo18x16_a>) from library <work>.

Elaborating entity <Eth1000BaseX16To8Mux> (architecture <rtl>) with generics from library <work>.
INFO:HDLCompiler:679 - "C:\Users\Kevin\Desktop\HMB-FW\EIC-Beamtest-FW\SCROD_A5_RJ45\SCROD_Rev1\remoteFiles\SCROD_ETHERNET_V3\firmware-ethernet\Ethernet\1000BASE-X\rtl\Eth1000BaseX16To8Mux.vhd" Line 105. Case statement is complete. others clause is never selected

Elaborating entity <Eth1000BaseXRxSync> (architecture <rtl>) with generics from library <work>.
INFO:HDLCompiler:679 - "C:\Users\Kevin\Desktop\HMB-FW\EIC-Beamtest-FW\SCROD_A5_RJ45\SCROD_Rev1\remoteFiles\SCROD_ETHERNET_V3\firmware-ethernet\Ethernet\1000BASE-X\rtl\Eth1000BaseXRxSync.vhd" Line 146. Case statement is complete. others clause is never selected

Elaborating entity <Eth1000BaseXAutoNeg> (architecture <rtl>) with generics from library <work>.

Elaborating entity <Eth1000BaseXAbilityMatch> (architecture <rtl>) with generics from library <work>.
INFO:HDLCompiler:679 - "C:\Users\Kevin\Desktop\HMB-FW\EIC-Beamtest-FW\SCROD_A5_RJ45\SCROD_Rev1\remoteFiles\SCROD_ETHERNET_V3\firmware-ethernet\Ethernet\1000BASE-X\rtl\Eth1000BaseXAutoNeg.vhd" Line 242. Case statement is complete. others clause is never selected

Elaborating entity <InitRst> (architecture <rtl>) with generics from library <work>.

Elaborating entity <SyncBit> (architecture <rtl>) with generics from library <work>.
INFO:HDLCompiler:679 - "C:\Users\Kevin\Desktop\HMB-FW\EIC-Beamtest-FW\SCROD_A5_RJ45\SCROD_Rev1\remoteFiles\SCROD_ETHERNET_V3\firmware-ethernet\ExampleProject\firmware-general\General\rtl\InitRst.vhd" Line 98. Case statement is complete. others clause is never selected

Elaborating entity <CommandInterpreter> (architecture <rtl>) with generics from library <work>.
WARNING:HDLCompiler:1127 - "C:\Users\Kevin\Desktop\HMB-FW\EIC-Beamtest-FW\SCROD_A5_RJ45\SCROD_Rev1\remoteFiles\SCROD_ETHERNET_V3\ExampleProject\firmware-general\General\rtl\CommandInterpreter.vhd" Line 171: Assignment to statenum ignored, since the identifier is never used
WARNING:HDLCompiler:92 - "C:\Users\Kevin\Desktop\HMB-FW\EIC-Beamtest-FW\SCROD_A5_RJ45\SCROD_Rev1\remoteFiles\SCROD_ETHERNET_V3\ExampleProject\firmware-general\General\rtl\CommandInterpreter.vhd" Line 379: loadqb should be on the sensitivity list of the process
WARNING:HDLCompiler:92 - "C:\Users\Kevin\Desktop\HMB-FW\EIC-Beamtest-FW\SCROD_A5_RJ45\SCROD_Rev1\remoteFiles\SCROD_ETHERNET_V3\ExampleProject\firmware-general\General\rtl\CommandInterpreter.vhd" Line 380: dc_id should be on the sensitivity list of the process
WARNING:HDLCompiler:92 - "C:\Users\Kevin\Desktop\HMB-FW\EIC-Beamtest-FW\SCROD_A5_RJ45\SCROD_Rev1\remoteFiles\SCROD_ETHERNET_V3\ExampleProject\firmware-general\General\rtl\CommandInterpreter.vhd" Line 381: serialclklck should be on the sensitivity list of the process
WARNING:HDLCompiler:92 - "C:\Users\Kevin\Desktop\HMB-FW\EIC-Beamtest-FW\SCROD_A5_RJ45\SCROD_Rev1\remoteFiles\SCROD_ETHERNET_V3\ExampleProject\firmware-general\General\rtl\CommandInterpreter.vhd" Line 389: serialclklck should be on the sensitivity list of the process
WARNING:HDLCompiler:92 - "C:\Users\Kevin\Desktop\HMB-FW\EIC-Beamtest-FW\SCROD_A5_RJ45\SCROD_Rev1\remoteFiles\SCROD_ETHERNET_V3\ExampleProject\firmware-general\General\rtl\CommandInterpreter.vhd" Line 405: loadqb should be on the sensitivity list of the process
WARNING:HDLCompiler:92 - "C:\Users\Kevin\Desktop\HMB-FW\EIC-Beamtest-FW\SCROD_A5_RJ45\SCROD_Rev1\remoteFiles\SCROD_ETHERNET_V3\ExampleProject\firmware-general\General\rtl\CommandInterpreter.vhd" Line 406: dc_id should be on the sensitivity list of the process
WARNING:HDLCompiler:92 - "C:\Users\Kevin\Desktop\HMB-FW\EIC-Beamtest-FW\SCROD_A5_RJ45\SCROD_Rev1\remoteFiles\SCROD_ETHERNET_V3\ExampleProject\firmware-general\General\rtl\CommandInterpreter.vhd" Line 407: dc_id should be on the sensitivity list of the process
WARNING:HDLCompiler:92 - "C:\Users\Kevin\Desktop\HMB-FW\EIC-Beamtest-FW\SCROD_A5_RJ45\SCROD_Rev1\remoteFiles\SCROD_ETHERNET_V3\ExampleProject\firmware-general\General\rtl\CommandInterpreter.vhd" Line 408: dc_resp_valid should be on the sensitivity list of the process
WARNING:HDLCompiler:92 - "C:\Users\Kevin\Desktop\HMB-FW\EIC-Beamtest-FW\SCROD_A5_RJ45\SCROD_Rev1\remoteFiles\SCROD_ETHERNET_V3\ExampleProject\firmware-general\General\rtl\CommandInterpreter.vhd" Line 420: dc_id should be on the sensitivity list of the process
WARNING:HDLCompiler:92 - "C:\Users\Kevin\Desktop\HMB-FW\EIC-Beamtest-FW\SCROD_A5_RJ45\SCROD_Rev1\remoteFiles\SCROD_ETHERNET_V3\ExampleProject\firmware-general\General\rtl\CommandInterpreter.vhd" Line 421: dc_resp_valid should be on the sensitivity list of the process
WARNING:HDLCompiler:92 - "C:\Users\Kevin\Desktop\HMB-FW\EIC-Beamtest-FW\SCROD_A5_RJ45\SCROD_Rev1\remoteFiles\SCROD_ETHERNET_V3\ExampleProject\firmware-general\General\rtl\CommandInterpreter.vhd" Line 455: loadqb should be on the sensitivity list of the process
WARNING:HDLCompiler:92 - "C:\Users\Kevin\Desktop\HMB-FW\EIC-Beamtest-FW\SCROD_A5_RJ45\SCROD_Rev1\remoteFiles\SCROD_ETHERNET_V3\ExampleProject\firmware-general\General\rtl\CommandInterpreter.vhd" Line 456: dc_id should be on the sensitivity list of the process
WARNING:HDLCompiler:92 - "C:\Users\Kevin\Desktop\HMB-FW\EIC-Beamtest-FW\SCROD_A5_RJ45\SCROD_Rev1\remoteFiles\SCROD_ETHERNET_V3\ExampleProject\firmware-general\General\rtl\CommandInterpreter.vhd" Line 457: dc_resp should be on the sensitivity list of the process
WARNING:HDLCompiler:92 - "C:\Users\Kevin\Desktop\HMB-FW\EIC-Beamtest-FW\SCROD_A5_RJ45\SCROD_Rev1\remoteFiles\SCROD_ETHERNET_V3\ExampleProject\firmware-general\General\rtl\CommandInterpreter.vhd" Line 469: loadqb should be on the sensitivity list of the process
WARNING:HDLCompiler:92 - "C:\Users\Kevin\Desktop\HMB-FW\EIC-Beamtest-FW\SCROD_A5_RJ45\SCROD_Rev1\remoteFiles\SCROD_ETHERNET_V3\ExampleProject\firmware-general\General\rtl\CommandInterpreter.vhd" Line 471: dc_resp should be on the sensitivity list of the process
WARNING:HDLCompiler:92 - "C:\Users\Kevin\Desktop\HMB-FW\EIC-Beamtest-FW\SCROD_A5_RJ45\SCROD_Rev1\remoteFiles\SCROD_ETHERNET_V3\ExampleProject\firmware-general\General\rtl\CommandInterpreter.vhd" Line 504: loadqb should be on the sensitivity list of the process
WARNING:HDLCompiler:92 - "C:\Users\Kevin\Desktop\HMB-FW\EIC-Beamtest-FW\SCROD_A5_RJ45\SCROD_Rev1\remoteFiles\SCROD_ETHERNET_V3\ExampleProject\firmware-general\General\rtl\CommandInterpreter.vhd" Line 536: dc_id should be on the sensitivity list of the process
WARNING:HDLCompiler:92 - "C:\Users\Kevin\Desktop\HMB-FW\EIC-Beamtest-FW\SCROD_A5_RJ45\SCROD_Rev1\remoteFiles\SCROD_ETHERNET_V3\ExampleProject\firmware-general\General\rtl\CommandInterpreter.vhd" Line 544: dc_resp should be on the sensitivity list of the process
WARNING:HDLCompiler:92 - "C:\Users\Kevin\Desktop\HMB-FW\EIC-Beamtest-FW\SCROD_A5_RJ45\SCROD_Rev1\remoteFiles\SCROD_ETHERNET_V3\ExampleProject\firmware-general\General\rtl\CommandInterpreter.vhd" Line 644: dc_cmdrespreq should be on the sensitivity list of the process
WARNING:HDLCompiler:92 - "C:\Users\Kevin\Desktop\HMB-FW\EIC-Beamtest-FW\SCROD_A5_RJ45\SCROD_Rev1\remoteFiles\SCROD_ETHERNET_V3\ExampleProject\firmware-general\General\rtl\CommandInterpreter.vhd" Line 651: qb_loadreg should be on the sensitivity list of the process
WARNING:HDLCompiler:92 - "C:\Users\Kevin\Desktop\HMB-FW\EIC-Beamtest-FW\SCROD_A5_RJ45\SCROD_Rev1\remoteFiles\SCROD_ETHERNET_V3\ExampleProject\firmware-general\General\rtl\CommandInterpreter.vhd" Line 698: t should be on the sensitivity list of the process
WARNING:HDLCompiler:92 - "C:\Users\Kevin\Desktop\HMB-FW\EIC-Beamtest-FW\SCROD_A5_RJ45\SCROD_Rev1\remoteFiles\SCROD_ETHERNET_V3\ExampleProject\firmware-general\General\rtl\CommandInterpreter.vhd" Line 702: t should be on the sensitivity list of the process
WARNING:HDLCompiler:92 - "C:\Users\Kevin\Desktop\HMB-FW\EIC-Beamtest-FW\SCROD_A5_RJ45\SCROD_Rev1\remoteFiles\SCROD_ETHERNET_V3\ExampleProject\firmware-general\General\rtl\CommandInterpreter.vhd" Line 715: t should be on the sensitivity list of the process
WARNING:HDLCompiler:92 - "C:\Users\Kevin\Desktop\HMB-FW\EIC-Beamtest-FW\SCROD_A5_RJ45\SCROD_Rev1\remoteFiles\SCROD_ETHERNET_V3\ExampleProject\firmware-general\General\rtl\CommandInterpreter.vhd" Line 717: dc_resp should be on the sensitivity list of the process
WARNING:HDLCompiler:92 - "C:\Users\Kevin\Desktop\HMB-FW\EIC-Beamtest-FW\SCROD_A5_RJ45\SCROD_Rev1\remoteFiles\SCROD_ETHERNET_V3\ExampleProject\firmware-general\General\rtl\CommandInterpreter.vhd" Line 741: dc_id should be on the sensitivity list of the process
WARNING:HDLCompiler:92 - "C:\Users\Kevin\Desktop\HMB-FW\EIC-Beamtest-FW\SCROD_A5_RJ45\SCROD_Rev1\remoteFiles\SCROD_ETHERNET_V3\ExampleProject\firmware-general\General\rtl\CommandInterpreter.vhd" Line 744: dc_id should be on the sensitivity list of the process
WARNING:HDLCompiler:92 - "C:\Users\Kevin\Desktop\HMB-FW\EIC-Beamtest-FW\SCROD_A5_RJ45\SCROD_Rev1\remoteFiles\SCROD_ETHERNET_V3\ExampleProject\firmware-general\General\rtl\CommandInterpreter.vhd" Line 746: qb_loadreg should be on the sensitivity list of the process

Elaborating entity <DC_Comm> (architecture <Behaviorial>) with generics from library <work>.
WARNING:HDLCompiler:92 - "C:\Users\Kevin\Desktop\HMB-FW\EIC-Beamtest-FW\SCROD_A5_RJ45\SCROD_Rev1\DC_Comm.vhd" Line 83: rd_req should be on the sensitivity list of the process

Elaborating entity <QBlink> (architecture <Behavioral>) from library <work>.

Elaborating entity <clockgen_bytelink> (architecture <xilinx>) from library <work>.

Elaborating entity <S6SerialInterfaceOut> (architecture <Behavioral>) with generics from library <work>.

Elaborating entity <serializationFifo> (architecture <serializationFifo_a>) from library <work>.
INFO:HDLCompiler:679 - "C:\Users\Kevin\Desktop\HMB-FW\QBLink\source\S6SerialInterfaceOut.vhd" Line 97. Case statement is complete. others clause is never selected

Elaborating entity <S6SerialInterfaceIn> (architecture <Behavioral>) with generics from library <work>.
INFO:HDLCompiler:679 - "C:\Users\Kevin\Desktop\HMB-FW\QBLink\source\S6SerialInterfaceIn.vhd" Line 166. Case statement is complete. others clause is never selected

Elaborating entity <ByteLink> (architecture <rtl>) with generics from library <work>.

Elaborating entity <Encode8b10b> (architecture <rtl>) with generics from library <work>.
WARNING:HDLCompiler:1127 - "C:\Users\Kevin\Desktop\HMB-FW\QBLink\source\Encode8b10b.vhd" Line 132: Assignment to illegalk ignored, since the identifier is never used

Elaborating entity <Decode8b10b> (architecture <rtl>) with generics from library <work>.
WARNING:HDLCompiler:1127 - "C:\Users\Kevin\Desktop\HMB-FW\QBLink\source\Decode8b10b.vhd" Line 107: Assignment to cdei ignored, since the identifier is never used
WARNING:HDLCompiler:1127 - "C:\Users\Kevin\Desktop\HMB-FW\QBLink\source\Decode8b10b.vhd" Line 111: Assignment to p22enin ignored, since the identifier is never used
WARNING:HDLCompiler:1127 - "C:\Users\Kevin\Desktop\HMB-FW\QBLink\source\Decode8b10b.vhd" Line 112: Assignment to p22ei ignored, since the identifier is never used
WARNING:HDLCompiler:1127 - "C:\Users\Kevin\Desktop\HMB-FW\QBLink\source\Decode8b10b.vhd" Line 113: Assignment to p31dnenin ignored, since the identifier is never used
WARNING:HDLCompiler:1127 - "C:\Users\Kevin\Desktop\HMB-FW\QBLink\source\Decode8b10b.vhd" Line 114: Assignment to p31e ignored, since the identifier is never used
WARNING:HDLCompiler:1127 - "C:\Users\Kevin\Desktop\HMB-FW\QBLink\source\Decode8b10b.vhd" Line 149: Assignment to alt7 ignored, since the identifier is never used
WARNING:HDLCompiler:1127 - "C:\Users\Kevin\Desktop\HMB-FW\QBLink\source\Decode8b10b.vhd" Line 156: Assignment to k28 ignored, since the identifier is never used
INFO:HDLCompiler:679 - "C:\Users\Kevin\Desktop\HMB-FW\QBLink\source\ByteLink.vhd" Line 198. Case statement is complete. others clause is never selected

Elaborating entity <QBLtxFIFO> (architecture <QBLtxFIFO_a>) from library <work>.

Elaborating entity <CMD_FIFO_w8r32> (architecture <CMD_FIFO_w8r32_a>) from library <work>.
WARNING:HDLCompiler:92 - "C:\Users\Kevin\Desktop\HMB-FW\EIC-Beamtest-FW\SCROD_A5_RJ45\SCROD_Rev1\DC_Comm.vhd" Line 152: triglogicrst should be on the sensitivity list of the process
WARNING:HDLCompiler:634 - "C:\Users\Kevin\Desktop\HMB-FW\EIC-Beamtest-FW\SCROD_A5_RJ45\SCROD_Rev1\SCRODQB_Top.vhd" Line 95: Net <userTxDataChannels[0][31]> does not have a driver.
WARNING:HDLCompiler:634 - "C:\Users\Kevin\Desktop\HMB-FW\EIC-Beamtest-FW\SCROD_A5_RJ45\SCROD_Rev1\SCRODQB_Top.vhd" Line 96: Net <userTxDataValids[0]> does not have a driver.
WARNING:HDLCompiler:634 - "C:\Users\Kevin\Desktop\HMB-FW\EIC-Beamtest-FW\SCROD_A5_RJ45\SCROD_Rev1\SCRODQB_Top.vhd" Line 97: Net <userTxDataLasts[0]> does not have a driver.
WARNING:HDLCompiler:634 - "C:\Users\Kevin\Desktop\HMB-FW\EIC-Beamtest-FW\SCROD_A5_RJ45\SCROD_Rev1\SCRODQB_Top.vhd" Line 102: Net <userRxDataReadys[0]> does not have a driver.
WARNING:HDLCompiler:634 - "C:\Users\Kevin\Desktop\HMB-FW\EIC-Beamtest-FW\SCROD_A5_RJ45\SCROD_Rev1\SCRODQB_Top.vhd" Line 121: Net <reset> does not have a driver.

=========================================================================
*                           HDL Synthesis                               *
=========================================================================

Synthesizing Unit <SCRODQB_Top>.
    Related source file is "C:\Users\Kevin\Desktop\HMB-FW\EIC-Beamtest-FW\SCROD_A5_RJ45\SCROD_Rev1\SCRODQB_Top.vhd".
        REG_ADDR_BITS_G = 16
        REG_DATA_BITS_G = 16
        NUM_IP_G = 2
        NUM_DCs = 3
    Set property "KEEP_HIERARCHY = TRUE".
INFO:Xst:3210 - "C:\Users\Kevin\Desktop\HMB-FW\EIC-Beamtest-FW\SCROD_A5_RJ45\SCROD_Rev1\SCRODQB_Top.vhd" line 154: Output port <CLK_OUT1> of the instance <CLOCK_FANOUT> is unconnected or connected to loadless signal.
INFO:Xst:3210 - "C:\Users\Kevin\Desktop\HMB-FW\EIC-Beamtest-FW\SCROD_A5_RJ45\SCROD_Rev1\SCRODQB_Top.vhd" line 154: Output port <LOCKED> of the instance <CLOCK_FANOUT> is unconnected or connected to loadless signal.
INFO:Xst:3210 - "C:\Users\Kevin\Desktop\HMB-FW\EIC-Beamtest-FW\SCROD_A5_RJ45\SCROD_Rev1\SCRODQB_Top.vhd" line 202: Output port <led> of the instance <U_S6EthTop> is unconnected or connected to loadless signal.
INFO:Xst:3210 - "C:\Users\Kevin\Desktop\HMB-FW\EIC-Beamtest-FW\SCROD_A5_RJ45\SCROD_Rev1\SCRODQB_Top.vhd" line 202: Output port <userRxData<0>> of the instance <U_S6EthTop> is unconnected or connected to loadless signal.
INFO:Xst:3210 - "C:\Users\Kevin\Desktop\HMB-FW\EIC-Beamtest-FW\SCROD_A5_RJ45\SCROD_Rev1\SCRODQB_Top.vhd" line 202: Output port <ethUsrClk62> of the instance <U_S6EthTop> is unconnected or connected to loadless signal.
INFO:Xst:3210 - "C:\Users\Kevin\Desktop\HMB-FW\EIC-Beamtest-FW\SCROD_A5_RJ45\SCROD_Rev1\SCRODQB_Top.vhd" line 202: Output port <ethSync> of the instance <U_S6EthTop> is unconnected or connected to loadless signal.
INFO:Xst:3210 - "C:\Users\Kevin\Desktop\HMB-FW\EIC-Beamtest-FW\SCROD_A5_RJ45\SCROD_Rev1\SCRODQB_Top.vhd" line 202: Output port <ethReady> of the instance <U_S6EthTop> is unconnected or connected to loadless signal.
WARNING:Xst:653 - Signal <userTxDataChannels<0>> is used but never assigned. This sourceless signal will be automatically connected to value GND.
WARNING:Xst:653 - Signal <userTxDataValids<0>> is used but never assigned. This sourceless signal will be automatically connected to value GND.
WARNING:Xst:653 - Signal <userTxDataLasts<0>> is used but never assigned. This sourceless signal will be automatically connected to value GND.
WARNING:Xst:653 - Signal <userRxDataReadys<0>> is used but never assigned. This sourceless signal will be automatically connected to value GND.
WARNING:Xst:653 - Signal <reset> is used but never assigned. This sourceless signal will be automatically connected to value GND.
    Found 4-bit register for signal <QBrst>.
    Found 1-bit register for signal <regAck>.
    Found 16-bit register for signal <regRdData>.
    Found 16-bit register for signal <CtrlRegister<19>>.
    Found 16-bit register for signal <CtrlRegister<18>>.
    Found 16-bit register for signal <CtrlRegister<17>>.
    Found 16-bit register for signal <CtrlRegister<16>>.
    Found 16-bit register for signal <CtrlRegister<15>>.
    Found 16-bit register for signal <CtrlRegister<14>>.
    Found 16-bit register for signal <CtrlRegister<13>>.
    Found 16-bit register for signal <CtrlRegister<12>>.
    Found 16-bit register for signal <CtrlRegister<11>>.
    Found 16-bit register for signal <CtrlRegister<10>>.
    Found 16-bit register for signal <CtrlRegister<9>>.
    Found 16-bit register for signal <CtrlRegister<8>>.
    Found 16-bit register for signal <CtrlRegister<7>>.
    Found 16-bit register for signal <CtrlRegister<6>>.
    Found 16-bit register for signal <CtrlRegister<5>>.
    Found 16-bit register for signal <CtrlRegister<4>>.
    Found 16-bit register for signal <CtrlRegister<3>>.
    Found 16-bit register for signal <CtrlRegister<2>>.
    Found 16-bit register for signal <CtrlRegister<1>>.
    Found 16-bit register for signal <CtrlRegister<0>>.
    Found 1-bit register for signal <sync>.
