Release 14.7 Map P.20131013 (nt64)
Xilinx Map Application Log File for Design 'SCRODQB_Top'

Design Information
------------------
Command Line   : map -filter
C:/Users/Kevin/Desktop/HMB/EIC-Beamtest-FW/SCROD_A5_RJ45/SCROD_Rev1/iseconfig/fi
lter.filter -intstyle ise -p xc6slx150t-fgg676-3 -w -logic_opt off -ol high -t 1
-xt 0 -register_duplication off -r 4 -global_opt off -mt off -ir off -pr off -lc
off -power off -o SCRODQB_Top_map.ncd SCRODQB_Top.ngd SCRODQB_Top.pcf 
Target Device  : xc6slx150t
Target Package : fgg676
Target Speed   : -3
Mapper Version : spartan6 -- $Revision: 1.55 $
Mapped Date    : Thu May 23 12:45:51 2019

Mapping design into LUTs...
WARNING:MapLib:680 - LOC constraint AB6 on RX_DC_N<3> is invalid: No such site
   on the device. Ignoring...
Running directed packing...
Running delay-based LUT packing...
Updating timing models...
INFO:Map:215 - The Interim Design Summary has been generated in the MAP Report
   (.mrp).
Running timing-driven placement...
Total REAL time at the beginning of Placer: 15 secs 
Total CPU  time at the beginning of Placer: 13 secs 

Phase 1.1  Initial Placement Analysis
Phase 1.1  Initial Placement Analysis (Checksum:bd8c86e9) REAL time: 19 secs 

Phase 2.7  Design Feasibility Check
INFO:Place:834 - Only a subset of IOs are locked. Out of 41 IOs, 33 are locked
   and 8 are not locked. If you would like to print the names of these IOs,
   please set the environment variable XIL_PAR_DESIGN_CHECK_VERBOSE to 1. 
Phase 2.7  Design Feasibility Check (Checksum:bd8c86e9) REAL time: 20 secs 

Phase 3.31  Local Placement Optimization
Phase 3.31  Local Placement Optimization (Checksum:bd8c86e9) REAL time: 20 secs 

Phase 4.2  Initial Placement for Architecture Specific Features


Phase 4.2  Initial Placement for Architecture Specific Features
(Checksum:ff41f3ab) REAL time: 24 secs 

Phase 5.36  Local Placement Optimization
Phase 5.36  Local Placement Optimization (Checksum:ff41f3ab) REAL time: 24 secs 

Phase 6.30  Global Clock Region Assignment
Phase 6.30  Global Clock Region Assignment (Checksum:ff41f3ab) REAL time: 24 secs 

Phase 7.3  Local Placement Optimization


Phase 7.3  Local Placement Optimization (Checksum:61db9f1b) REAL time: 24 secs 

Phase 8.5  Local Placement Optimization
Phase 8.5  Local Placement Optimization (Checksum:61db9f1b) REAL time: 24 secs 

Phase 9.8  Global Placement
.............................................................
.....................
Phase 9.8  Global Placement (Checksum:5481a460) REAL time: 29 secs 

Phase 10.5  Local Placement Optimization
Phase 10.5  Local Placement Optimization (Checksum:5481a460) REAL time: 29 secs 

Phase 11.18  Placement Optimization
Phase 11.18  Placement Optimization (Checksum:81d25a7) REAL time: 40 secs 

Phase 12.5  Local Placement Optimization
Phase 12.5  Local Placement Optimization (Checksum:81d25a7) REAL time: 40 secs 

Phase 13.34  Placement Validation
Phase 13.34  Placement Validation (Checksum:d885bd25) REAL time: 40 secs 

Total REAL time to Placer completion: 55 secs 
Total CPU  time to Placer completion: 52 secs 
Running post-placement packing...
Writing output files...
WARNING:PhysDesignRules:372 - Gated clock. Clock net
   U_CommandInterpreter/r_state[4]_PWR_138_o_Mux_395_o is sourced by a
   combinatorial pin. This is not good design practice. Use the CE pin to
   control the loading of data into the flip-flop.
WARNING:PhysDesignRules:372 - Gated clock. Clock net
   U_CommandInterpreter/r_state[4]_GND_281_o_Mux_401_o is sourced by a
   combinatorial pin. This is not good design practice. Use the CE pin to
   control the loading of data into the flip-flop.
WARNING:PhysDesignRules:372 - Gated clock. Clock net
   U_CommandInterpreter/start_load is sourced by a combinatorial pin. This is
   not good design practice. Use the CE pin to control the loading of data into
   the flip-flop.
WARNING:PhysDesignRules:372 - Gated clock. Clock net
   U_CommandInterpreter/r_state[4]_GND_282_o_Mux_403_o is sourced by a
   combinatorial pin. This is not good design practice. Use the CE pin to
   control the loading of data into the flip-flop.
WARNING:PhysDesignRules:372 - Gated clock. Clock net
   U_CommandInterpreter/r_state[4]_PWR_139_o_Mux_397_o is sourced by a
   combinatorial pin. This is not good design practice. Use the CE pin to
   control the loading of data into the flip-flop.
WARNING:PhysDesignRules:372 - Gated clock. Clock net
   U_CommandInterpreter/r_state[4]_PWR_140_o_Mux_399_o is sourced by a
   combinatorial pin. This is not good design practice. Use the CE pin to
   control the loading of data into the flip-flop.
WARNING:PhysDesignRules:372 - Gated clock. Clock net
   U_CommandInterpreter/r_state[4]_PWR_137_o_Mux_393_o is sourced by a
   combinatorial pin. This is not good design practice. Use the CE pin to
   control the loading of data into the flip-flop.
WARNING:PhysDesignRules:372 - Gated clock. Clock net
   U_CommandInterpreter/QB_WrEn_3_G is sourced by a combinatorial pin. This is
   not good design practice. Use the CE pin to control the loading of data into
   the flip-flop.
WARNING:PhysDesignRules:372 - Gated clock. Clock net
   U_CommandInterpreter/QB_WrEn_1_G is sourced by a combinatorial pin. This is
   not good design practice. Use the CE pin to control the loading of data into
   the flip-flop.
WARNING:PhysDesignRules:372 - Gated clock. Clock net
   U_CommandInterpreter/QB_WrEn_2_G is sourced by a combinatorial pin. This is
   not good design practice. Use the CE pin to control the loading of data into
   the flip-flop.
WARNING:PhysDesignRules:372 - Gated clock. Clock net
   U_CommandInterpreter/QB_WrEn_0_G is sourced by a combinatorial pin. This is
   not good design practice. Use the CE pin to control the loading of data into
   the flip-flop.
WARNING:PhysDesignRules:367 - The signal
   <U_S6EthTop/U_Eth1000BaseXCore/anPhyTxData_data<13>> is incomplete. The
   signal does not drive any load pins in the design.
WARNING:PhysDesignRules:367 - The signal
   <U_S6EthTop/U_Eth1000BaseXCore/anPhyTxData_data<3>> is incomplete. The signal
   does not drive any load pins in the design.
WARNING:PhysDesignRules:367 - The signal
   <U_S6EthTop/U_Eth1000BaseXCore/anPhyTxData_data<2>> is incomplete. The signal
   does not drive any load pins in the design.
WARNING:PhysDesignRules:367 - The signal
   <U_S6EthTop/U_Eth1000BaseXCore/U_Mux16to8/U_Fifo18x16/U0/xst_fifo_generator/g
   convfifo.rf/grf.rf/gntv_or_sync_fifo.mem/gdm.dm/Mram_RAM2_RAMD_D1_O> is
   incomplete. The signal does not drive any load pins in the design.
WARNING:PhysDesignRules:367 - The signal
   <U_S6EthTop/U_Eth1000BaseXCore/U_Mux16to8/U_Fifo18x16/U0/xst_fifo_generator/g
   convfifo.rf/grf.rf/gntv_or_sync_fifo.mem/gdm.dm/Mram_RAM3_RAMD_D1_O> is
   incomplete. The signal does not drive any load pins in the design.
WARNING:PhysDesignRules:367 - The signal
   <U_S6EthTop/U_Eth1000BaseXCore/U_Mux16to8/U_Fifo18x16/U0/xst_fifo_generator/g
   convfifo.rf/grf.rf/gntv_or_sync_fifo.mem/gdm.dm/Mram_RAM1_RAMD_D1_O> is
   incomplete. The signal does not drive any load pins in the design.
WARNING:PhysDesignRules:367 - The signal
   <U_S6EthTop/U_Eth1000BaseXCore/U_LinkSync/GLOBAL_LOGIC0> is incomplete. The
   signal does not drive any load pins in the design.
WARNING:PhysDesignRules:367 - The signal
   <U_S6EthTop/U_Eth1000BaseXCore/U_AutoNeg/U_AbMatch/GLOBAL_LOGIC0> is
   incomplete. The signal does not drive any load pins in the design.
WARNING:PhysDesignRules:367 - The signal
   <U_S6EthTop/U_Eth1000BaseXCore/U_EthCore/U_EthRx/U_MacRx/GLOBAL_LOGIC0> is
   incomplete. The signal does not drive any load pins in the design.
WARNING:PhysDesignRules:367 - The signal
   <U_S6EthTop/U_Eth1000BaseXCore/U_EthCore/U_EthRx/U_ArpPacketRx/GLOBAL_LOGIC0>
   is incomplete. The signal does not drive any load pins in the design.
WARNING:PhysDesignRules:367 - The signal
   <U_S6EthTop/U_Eth1000BaseXCore/U_EthCore/U_EthTx/U_ArpPacketTx/arpSenderMac<4
   ><2>> is incomplete. The signal does not drive any load pins in the design.
WARNING:PhysDesignRules:367 - The signal
   <U_S6EthTop/U_Eth1000BaseXCore/U_EthCore/U_EthTx/U_ArpPacketTx/arpSenderMac<3
   ><4>> is incomplete. The signal does not drive any load pins in the design.
WARNING:PhysDesignRules:367 - The signal
   <U_S6EthTop/U_Eth1000BaseXCore/U_EthCore/U_EthTx/U_ArpPacketTx/arpSenderMac<3
   ><2>> is incomplete. The signal does not drive any load pins in the design.
WARNING:PhysDesignRules:367 - The signal
   <U_S6EthTop/U_Eth1000BaseXCore/U_EthCore/U_EthTx/U_ArpPacketTx/arpSenderMac<3
   ><1>> is incomplete. The signal does not drive any load pins in the design.
WARNING:PhysDesignRules:367 - The signal
   <U_S6EthTop/U_Eth1000BaseXCore/U_EthCore/U_EthTx/U_ArpPacketTx/arpSenderMac<1
   ><0>> is incomplete. The signal does not drive any load pins in the design.
WARNING:PhysDesignRules:367 - The signal
   <U_S6EthTop/U_Eth1000BaseXCore/U_EthCore/U_EthTx/U_ArpPacketTx/arpSenderMac<0
   ><0>> is incomplete. The signal does not drive any load pins in the design.
WARNING:PhysDesignRules:367 - The signal
   <U_S6EthTop/U_Eth1000BaseXCore/U_EthCore/U_EthTx/U_ArpPacketTx/arpSenderIp<3>
   <6>> is incomplete. The signal does not drive any load pins in the design.
WARNING:PhysDesignRules:367 - The signal
   <U_S6EthTop/U_Eth1000BaseXCore/U_EthCore/U_EthTx/U_ArpPacketTx/arpSenderIp<2>
   <5>> is incomplete. The signal does not drive any load pins in the design.
WARNING:PhysDesignRules:367 - The signal
   <U_S6EthTop/U_Eth1000BaseXCore/U_EthCore/U_EthTx/U_ArpPacketTx/arpSenderIp<2>
   <3>> is incomplete. The signal does not drive any load pins in the design.
WARNING:PhysDesignRules:367 - The signal
   <U_S6EthTop/U_Eth1000BaseXCore/U_EthCore/U_EthTx/U_ArpPacketTx/arpSenderIp<0>
   <2>> is incomplete. The signal does not drive any load pins in the design.
WARNING:PhysDesignRules:367 - The signal
   <U_S6EthTop/U_Eth1000BaseXCore/U_EthCore/U_EthTx/U_ArpPacketTx/arpSenderIp<0>
   <0>> is incomplete. The signal does not drive any load pins in the design.
WARNING:PhysDesignRules:367 - The signal
   <U_S6EthTop/U_Eth1000BaseXCore/U_EthCore/U_EthTx/U_ArpPacketTx/GLOBAL_LOGIC0>
   is incomplete. The signal does not drive any load pins in the design.
WARNING:PhysDesignRules:367 - The signal
   <U_S6EthTop/U_Eth1000BaseXCore/U_EthCore/U_EthTx/U_ArpIpArbiter/GLOBAL_LOGIC0
   > is incomplete. The signal does not drive any load pins in the design.
WARNING:PhysDesignRules:367 - The signal
   <U_S6EthTop/U_Eth1000BaseXCore/U_EthCore/U_EthTx/U_EthFrameTx/ethTxEtherType<
   1>> is incomplete. The signal does not drive any load pins in the design.
WARNING:PhysDesignRules:367 - The signal
   <U_S6EthTop/U_Eth1000BaseXCore/U_EthCore/U_EthTx/U_EthFrameTx/GLOBAL_LOGIC0>
   is incomplete. The signal does not drive any load pins in the design.
WARNING:PhysDesignRules:367 - The signal
   <U_S6EthTop/U_Eth1000BaseXCore/U_EthCore/U_ArpResponder/GLOBAL_LOGIC0> is
   incomplete. The signal does not drive any load pins in the design.
WARNING:PhysDesignRules:367 - The signal
   <U_S6EthTop/U_Eth1000BaseXCore/U_EthCore/U_IPv4Arbiter/U_FifoDist8x16/U0/xst_
   fifo_generator/gaxis_fifo.gaxisf.axisf/grf.rf/gntv_or_sync_fifo.mem/gdm.dm/Mr
   am_RAM2_RAMD_O> is incomplete. The signal does not drive any load pins in the
   design.
WARNING:PhysDesignRules:367 - The signal
   <U_S6EthTop/U_Eth1000BaseXCore/U_EthCore/U_IPv4Arbiter/U_FifoDist8x16/U0/xst_
   fifo_generator/gaxis_fifo.gaxisf.axisf/grf.rf/gntv_or_sync_fifo.mem/gdm.dm/Mr
   am_RAM1_RAMD_O> is incomplete. The signal does not drive any load pins in the
   design.
WARNING:PhysDesignRules:367 - The signal
   <U_S6EthTop/U_Eth1000BaseXCore/U_EthCore/U_IPv4Arbiter/U_FifoDist8x16/U0/xst_
   fifo_generator/gaxis_fifo.gaxisf.axisf/grf.rf/gntv_or_sync_fifo.mem/gdm.dm/Mr
   am_RAM3_RAMD_O> is incomplete. The signal does not drive any load pins in the
   design.
WARNING:PhysDesignRules:367 - The signal
   <U_S6EthTop/U_Eth1000BaseXCore/U_EthCore/G_UdpTxInstance[0].U_IPv4Tx/ipProtoc
   ol<0>> is incomplete. The signal does not drive any load pins in the design.
WARNING:PhysDesignRules:367 - The signal
   <U_S6EthTop/U_Eth1000BaseXCore/U_EthCore/G_UdpTxInstance[1].U_IPv4Tx/ipProtoc
   ol<0>> is incomplete. The signal does not drive any load pins in the design.
WARNING:PhysDesignRules:367 - The signal
   <U_S6EthTop/U_Eth1000BaseXCore/U_Mux8to16/U_Fifo18x16/U0/xst_fifo_generator/g
   convfifo.rf/grf.rf/gntv_or_sync_fifo.mem/gdm.dm/Mram_RAM1_RAMD_D1_O> is
   incomplete. The signal does not drive any load pins in the design.
WARNING:PhysDesignRules:367 - The signal
   <U_S6EthTop/U_Eth1000BaseXCore/U_Mux8to16/U_Fifo18x16/U0/xst_fifo_generator/g
   convfifo.rf/grf.rf/gntv_or_sync_fifo.mem/gdm.dm/Mram_RAM2_RAMD_D1_O> is
   incomplete. The signal does not drive any load pins in the design.
WARNING:PhysDesignRules:367 - The signal
   <U_S6EthTop/U_Eth1000BaseXCore/U_Mux8to16/U_Fifo18x16/U0/xst_fifo_generator/g
   convfifo.rf/grf.rf/gntv_or_sync_fifo.mem/gdm.dm/Mram_RAM3_RAMD_D1_O> is
   incomplete. The signal does not drive any load pins in the design.
WARNING:PhysDesignRules:367 - The signal
   <U_S6EthTop/U_RstSyncUser/GLOBAL_LOGIC0> is incomplete. The signal does not
   drive any load pins in the design.
WARNING:PhysDesignRules:367 - The signal
   <U_S6EthTop/U_PwrUpRst/U_RstSync/GLOBAL_LOGIC0> is incomplete. The signal
   does not drive any load pins in the design.
WARNING:PhysDesignRules:767 - Unexpected DCM configuration. The signal on the
   CLKIN pin of DCM comp
   DC_communication/Gen_QBLink[0].DC_Interface/U_ClockGenByteLink/dcm_sp_inst is
   not driven by an IOB or BUFGMUX therefore the phase relationship of output
   clocks to CLKIN cannot be guaranteed.
WARNING:PhysDesignRules:367 - The signal
   <DC_communication/Gen_QBLink[0].DC_Interface/U_SerialInterfaceIn/GLOBAL_LOGIC
   0> is incomplete. The signal does not drive any load pins in the design.
WARNING:PhysDesignRules:767 - Unexpected DCM configuration. The signal on the
   CLKIN pin of DCM comp
   DC_communication/Gen_QBLink[1].DC_Interface/U_ClockGenByteLink/dcm_sp_inst is
   not driven by an IOB or BUFGMUX therefore the phase relationship of output
   clocks to CLKIN cannot be guaranteed.
WARNING:PhysDesignRules:367 - The signal
   <DC_communication/Gen_QBLink[1].DC_Interface/U_SerialInterfaceIn/GLOBAL_LOGIC
   0> is incomplete. The signal does not drive any load pins in the design.
WARNING:PhysDesignRules:767 - Unexpected DCM configuration. The signal on the
   CLKIN pin of DCM comp
   DC_communication/Gen_QBLink[2].DC_Interface/U_ClockGenByteLink/dcm_sp_inst is
   not driven by an IOB or BUFGMUX therefore the phase relationship of output
   clocks to CLKIN cannot be guaranteed.
WARNING:PhysDesignRules:367 - The signal
   <DC_communication/Gen_QBLink[2].DC_Interface/U_SerialInterfaceIn/GLOBAL_LOGIC
   0> is incomplete. The signal does not drive any load pins in the design.
WARNING:PhysDesignRules:767 - Unexpected DCM configuration. The signal on the
   CLKIN pin of DCM comp
   DC_communication/Gen_QBLink[3].DC_Interface/U_ClockGenByteLink/dcm_sp_inst is
   not driven by an IOB or BUFGMUX therefore the phase relationship of output
   clocks to CLKIN cannot be guaranteed.
WARNING:PhysDesignRules:367 - The signal
   <DC_communication/Gen_QBLink[3].DC_Interface/U_SerialInterfaceIn/GLOBAL_LOGIC
   0> is incomplete. The signal does not drive any load pins in the design.
WARNING:PhysDesignRules:2410 - This design is using one or more 9K Block RAMs
   (RAMB8BWER).  9K Block RAM initialization data, both user defined and
   default, may be incorrect and should not be used.  For more information,
   please reference Xilinx Answer Record 39999.

Design Summary
--------------

Design Summary:
Number of errors:      0
Number of warnings:   57
Slice Logic Utilization:
  Number of Slice Registers:                 3,983 out of 184,304    2%
    Number used as Flip Flops:               3,918
    Number used as Latches:                     49
    Number used as Latch-thrus:                  0
    Number used as AND/OR logics:               16
  Number of Slice LUTs:                      4,403 out of  92,152    4%
    Number used as logic:                    4,041 out of  92,152    4%
      Number using O6 output only:           2,539
      Number using O5 output only:             436
      Number using O5 and O6:                1,066
      Number used as ROM:                        0
    Number used as Memory:                      36 out of  21,680    1%
      Number used as Dual Port RAM:             36
        Number using O6 output only:            12
        Number using O5 output only:             0
        Number using O5 and O6:                 24
      Number used as Single Port RAM:            0
      Number used as Shift Register:             0
    Number used exclusively as route-thrus:    326
      Number with same-slice register load:    276
      Number with same-slice carry load:        50
      Number with other load:                    0

Slice Logic Distribution:
  Number of occupied Slices:                 1,920 out of  23,038    8%
  Number of MUXCYs used:                     1,356 out of  46,076    2%
  Number of LUT Flip Flop pairs used:        5,683
    Number with an unused Flip Flop:         2,286 out of   5,683   40%
    Number with an unused LUT:               1,280 out of   5,683   22%
    Number of fully used LUT-FF pairs:       2,117 out of   5,683   37%
    Number of unique control sets:             245
    Number of slice register sites lost
      to control set restrictions:             741 out of 184,304    1%

  A LUT Flip Flop pair for this architecture represents one LUT paired with
  one Flip Flop within a slice.  A control set is a unique combination of
  clock, reset, set, and enable signals for a registered element.
  The Slice Logic Distribution report is not meaningful if the design is
  over-mapped for a non-slice resource or if Placement fails.

IO Utilization:
  Number of bonded IOBs:                        41 out of     396   10%
    Number of LOCed IOBs:                       32 out of      41   78%
    IOB Flip Flops:                              8
    IOB Master Pads:                            16
    IOB Slave Pads:                             16
    Number of bonded IPADs:                      4 out of      32   12%
      Number of LOCed IPADs:                     4 out of       4  100%
    Number of bonded OPADs:                      2 out of      16   12%
      Number of LOCed OPADs:                     2 out of       2  100%

Specific Feature Utilization:
  Number of RAMB16BWERs:                        66 out of     268   24%
  Number of RAMB8BWERs:                          7 out of     536    1%
  Number of BUFIO2/BUFIO2_2CLKs:                 1 out of      32    3%
    Number used as BUFIO2s:                      1
    Number used as BUFIO2_2CLKs:                 0
  Number of BUFIO2FB/BUFIO2FB_2CLKs:             0 out of      32    0%
  Number of BUFG/BUFGMUXs:                      10 out of      16   62%
    Number used as BUFGs:                       10
    Number used as BUFGMUX:                      0
  Number of DCM/DCM_CLKGENs:                     5 out of      12   41%
    Number used as DCMs:                         5
    Number used as DCM_CLKGENs:                  0
  Number of ILOGIC2/ISERDES2s:                   0 out of     586    0%
  Number of IODELAY2/IODRP2/IODRP2_MCBs:         0 out of     586    0%
  Number of OLOGIC2/OSERDES2s:                   8 out of     586    1%
    Number used as OLOGIC2s:                     8
    Number used as OSERDES2s:                    0
  Number of BSCANs:                              0 out of       4    0%
  Number of BUFHs:                               0 out of     384    0%
  Number of BUFPLLs:                             0 out of       8    0%
  Number of BUFPLL_MCBs:                         0 out of       4    0%
  Number of DSP48A1s:                            0 out of     180    0%
  Number of GTPA1_DUALs:                         1 out of       4   25%
  Number of ICAPs:                               0 out of       1    0%
  Number of MCBs:                                0 out of       4    0%
  Number of PCIE_A1s:                            0 out of       1    0%
  Number of PCILOGICSEs:                         0 out of       2    0%
  Number of PLL_ADVs:                            0 out of       6    0%
  Number of PMVs:                                0 out of       1    0%
  Number of STARTUPs:                            0 out of       1    0%
  Number of SUSPEND_SYNCs:                       0 out of       1    0%

Average Fanout of Non-Clock Nets:                3.21

Peak Memory Usage:  4927 MB
Total REAL time to MAP completion:  58 secs 
Total CPU time to MAP completion:   55 secs 

Mapping completed.
See MAP report file "SCRODQB_Top_map.mrp" for details.
