Release 14.7 - xst P.20131013 (nt64)
Copyright (c) 1995-2013 Xilinx, Inc.  All rights reserved.
--> Parameter TMPDIR set to xst/projnav.tmp


Total REAL time to Xst completion: 0.00 secs
Total CPU time to Xst completion: 0.09 secs
 
--> Parameter xsthdpdir set to xst


Total REAL time to Xst completion: 0.00 secs
Total CPU time to Xst completion: 0.09 secs
 
--> Reading design: BMD_DC_TOP_V2.prj

TABLE OF CONTENTS
  1) Synthesis Options Summary
  2) HDL Parsing
  3) HDL Elaboration
  4) HDL Synthesis
       4.1) HDL Synthesis Report
  5) Advanced HDL Synthesis
       5.1) Advanced HDL Synthesis Report
  6) Low Level Synthesis
  7) Partition Report
  8) Design Summary
       8.1) Primitive and Black Box Usage
       8.2) Device utilization summary
       8.3) Partition Resource Summary
       8.4) Timing Report
            8.4.1) Clock Information
            8.4.2) Asynchronous Control Signals Information
            8.4.3) Timing Summary
            8.4.4) Timing Details
            8.4.5) Cross Clock Domains Report


=========================================================================
*                      Synthesis Options Summary                        *
=========================================================================
---- Source Parameters
Input File Name                    : "BMD_DC_TOP_V2.prj"
Ignore Synthesis Constraint File   : YES

---- Target Parameters
Output File Name                   : "BMD_DC_TOP_V2"
Output Format                      : NGC
Target Device                      : xc6slx9-2-tqg144

---- Source Options
Top Module Name                    : BMD_DC_TOP_V2
Automatic FSM Extraction           : YES
FSM Encoding Algorithm             : Auto
Safe Implementation                : No
FSM Style                          : LUT
RAM Extraction                     : Yes
RAM Style                          : Auto
ROM Extraction                     : Yes
Shift Register Extraction          : YES
ROM Style                          : Auto
Resource Sharing                   : YES
Asynchronous To Synchronous        : NO
Shift Register Minimum Size        : 2
Use DSP Block                      : Auto
Automatic Register Balancing       : No

---- Target Options
LUT Combining                      : Auto
Reduce Control Sets                : Auto
Add IO Buffers                     : YES
Global Maximum Fanout              : 100000
Add Generic Clock Buffer(BUFG)     : 16
Register Duplication               : YES
Optimize Instantiated Primitives   : YES
Use Clock Enable                   : Auto
Use Synchronous Set                : Auto
Use Synchronous Reset              : Auto
Pack IO Registers into IOBs        : Auto
Equivalent register Removal        : YES

---- General Options
Optimization Goal                  : Area
Optimization Effort                : 2
Power Reduction                    : NO
Keep Hierarchy                     : Yes
Netlist Hierarchy                  : As_Optimized
RTL Output                         : Yes
Global Optimization                : AllClockNets
Read Cores                         : YES
Write Timing Constraints           : NO
Cross Clock Analysis               : NO
Hierarchy Separator                : /
Bus Delimiter                      : <>
Case Specifier                     : Maintain
Slice Utilization Ratio            : 100
BRAM Utilization Ratio             : 100
DSP48 Utilization Ratio            : 100
Auto BRAM Packing                  : NO
Slice Utilization Ratio Delta      : 5

---- Other Options
Cores Search Directories           : {"../hodo_dc_v1/cores"  }

=========================================================================


=========================================================================
*                          HDL Parsing                                  *
=========================================================================
Parsing VHDL file "C:\Users\Kevin\Desktop\HMB\EIC-Beamtest-FW\mRICH_hodo_DC_V1\mRICH_hodo_DC_V1\hodo_dc_v1\cores\CMD_FIFO_w1r8.vhd" into library work
Parsing entity <CMD_FIFO_w1r8>.
Parsing architecture <CMD_FIFO_w1r8_a> of entity <cmd_fifo_w1r8>.
Parsing VHDL file "C:\Users\Kevin\Desktop\HMB\EIC-Beamtest-FW\mRICH_hodo_DC_V1\mRICH_hodo_DC_V1\hodo_dc_v1\cores\CMD_FIFO_w8r32.vhd" into library work
Parsing entity <CMD_FIFO_w8r32>.
Parsing architecture <CMD_FIFO_w8r32_a> of entity <cmd_fifo_w8r32>.
Parsing VHDL file "C:\Users\Kevin\Desktop\HMB\EIC-Beamtest-FW\mRICH_hodo_DC_V1\mRICH_hodo_DC_V1\hodo_dc_v1\cores\BMD_DC_CLK_GEN.vhd" into library work
Parsing entity <BMD_DC_CLK_GEN>.
Parsing architecture <xilinx> of entity <bmd_dc_clk_gen>.
Parsing VHDL file "C:\Users\Kevin\Desktop\HMB\EIC-Beamtest-FW\mRICH_hodo_DC_V1\mRICH_hodo_DC_V1\hodo_dc_v1\cores\waveform_fifo_wr32_rd32.vhd" into library work
Parsing entity <waveform_fifo_wr32_rd32>.
Parsing architecture <waveform_fifo_wr32_rd32_a> of entity <waveform_fifo_wr32_rd32>.
Parsing VHDL file "C:\Users\Kevin\Desktop\HMB\EIC-Beamtest-FW\mRICH_hodo_DC_V1\mRICH_hodo_DC_V1\source\BMD_definitions.vhd" into library work
Parsing package <BMD_definitions>.
Parsing package body <BMD_definitions>.
Parsing VHDL file "C:\Users\Kevin\Desktop\HMB\EIC-Beamtest-FW\mRICH_hodo_DC_V1\mRICH_hodo_DC_V1\source\TX_DATA_SENDER.vhd" into library work
Parsing entity <TX_DATA_SENDER>.
Parsing architecture <Behavioral> of entity <tx_data_sender>.
Parsing VHDL file "C:\Users\Kevin\Desktop\HMB\EIC-Beamtest-FW\mRICH_hodo_DC_V1\mRICH_hodo_DC_V1\source\RX_ADDR_CHECK.vhd" into library work
Parsing entity <RX_ADDR_CHECKER>.
Parsing architecture <Behavioral> of entity <rx_addr_checker>.
Parsing VHDL file "C:\Users\Kevin\Desktop\HMB\EIC-Beamtest-FW\mRICH_hodo_DC_V1\mRICH_hodo_DC_V1\source\mppc_bias_dac_AD5672R.vhd" into library work
Parsing entity <mppc_bias_dac_AD5672R>.
Parsing architecture <Behavioral> of entity <mppc_bias_dac_ad5672r>.
Parsing VHDL file "C:\Users\Kevin\Desktop\HMB\EIC-Beamtest-FW\mRICH_hodo_DC_V1\mRICH_hodo_DC_V1\source\edge_to_pulse_converter.vhd" into library work
Parsing entity <edge_to_pulse_converter>.
Parsing architecture <Behavioral> of entity <edge_to_pulse_converter>.
Parsing VHDL file "C:\Users\Kevin\Desktop\HMB\EIC-Beamtest-FW\mRICH_hodo_DC_V1\mRICH_hodo_DC_V1\source\TARGETX_DAC_CONTROL.vhd" into library work
Parsing entity <TARGETX_DAC_CONTROL>.
Parsing architecture <Behavioral> of entity <targetx_dac_control>.
Parsing VHDL file "C:\Users\Kevin\Desktop\HMB\EIC-Beamtest-FW\mRICH_hodo_DC_V1\mRICH_hodo_DC_V1\source\mppc_dac_calb.vhd" into library work
Parsing entity <mppc_dac_calb>.
Parsing architecture <Behavioral> of entity <mppc_dac_calb>.
Parsing VHDL file "C:\Users\Kevin\Desktop\HMB\EIC-Beamtest-FW\mRICH_hodo_DC_V1\mRICH_hodo_DC_V1\source\DC_COMM_PARSER.vhd" into library work
Parsing entity <DC_COMM_PARSER>.
Parsing architecture <Behavioral> of entity <dc_comm_parser>.
Parsing VHDL file "C:\Users\Kevin\Desktop\HMB\EIC-Beamtest-FW\mRICH_hodo_DC_V1\mRICH_hodo_DC_V1\source\BMD_TRIG_LOGIC.vhd" into library work
Parsing entity <BMD_TRIG_LOGIC>.
Parsing architecture <Behavioral> of entity <bmd_trig_logic>.
WARNING:HDLCompiler:946 - "C:\Users\Kevin\Desktop\HMB\EIC-Beamtest-FW\mRICH_hodo_DC_V1\mRICH_hodo_DC_V1\source\BMD_TRIG_LOGIC.vhd" Line 127: Actual for formal port t is neither a static name nor a globally static expression
Parsing VHDL file "C:\Users\Kevin\Desktop\HMB\EIC-Beamtest-FW\mRICH_hodo_DC_V1\mRICH_hodo_DC_V1\source\BMD_DC_TOP_V1.vhd" into library work
Parsing entity <BMD_DC_TOP_V2>.
ERROR:HDLCompiler:69 - "C:\Users\Kevin\Desktop\HMB\EIC-Beamtest-FW\mRICH_hodo_DC_V1\mRICH_hodo_DC_V1\source\BMD_DC_TOP_V1.vhd" Line 123: <mon_timing> is not declared.
ERROR:HDLCompiler:806 - "C:\Users\Kevin\Desktop\HMB\EIC-Beamtest-FW\mRICH_hodo_DC_V1\mRICH_hodo_DC_V1\source\BMD_DC_TOP_V1.vhd" Line 123: Syntax error near ":".
Parsing architecture <Behavioral> of entity <bmd_dc_top_v2>.
ERROR:HDLCompiler:374 - "C:\Users\Kevin\Desktop\HMB\EIC-Beamtest-FW\mRICH_hodo_DC_V1\mRICH_hodo_DC_V1\source\BMD_DC_TOP_V1.vhd" Line 144: Entity <bmd_dc_top_v2> is not yet compiled.
ERROR:HDLCompiler:69 - "C:\Users\Kevin\Desktop\HMB\EIC-Beamtest-FW\mRICH_hodo_DC_V1\mRICH_hodo_DC_V1\source\BMD_DC_TOP_V1.vhd" Line 247: <ored_trig_n> is not declared.
ERROR:HDLCompiler:69 - "C:\Users\Kevin\Desktop\HMB\EIC-Beamtest-FW\mRICH_hodo_DC_V1\mRICH_hodo_DC_V1\source\BMD_DC_TOP_V1.vhd" Line 254: <tx_n> is not declared.
ERROR:HDLCompiler:192 - "C:\Users\Kevin\Desktop\HMB\EIC-Beamtest-FW\mRICH_hodo_DC_V1\mRICH_hodo_DC_V1\source\BMD_DC_TOP_V1.vhd" Line 254: Actual of formal out port o cannot be an expression
ERROR:HDLCompiler:69 - "C:\Users\Kevin\Desktop\HMB\EIC-Beamtest-FW\mRICH_hodo_DC_V1\mRICH_hodo_DC_V1\source\BMD_DC_TOP_V1.vhd" Line 255: <tx_p> is not declared.
ERROR:HDLCompiler:192 - "C:\Users\Kevin\Desktop\HMB\EIC-Beamtest-FW\mRICH_hodo_DC_V1\mRICH_hodo_DC_V1\source\BMD_DC_TOP_V1.vhd" Line 255: Actual of formal out port ob cannot be an expression
WARNING:HDLCompiler:946 - "C:\Users\Kevin\Desktop\HMB\EIC-Beamtest-FW\mRICH_hodo_DC_V1\mRICH_hodo_DC_V1\source\BMD_DC_TOP_V1.vhd" Line 256: Actual for formal port i is neither a static name nor a globally static expression
ERROR:HDLCompiler:69 - "C:\Users\Kevin\Desktop\HMB\EIC-Beamtest-FW\mRICH_hodo_DC_V1\mRICH_hodo_DC_V1\source\BMD_DC_TOP_V1.vhd" Line 262: <data_out_n> is not declared.
ERROR:HDLCompiler:192 - "C:\Users\Kevin\Desktop\HMB\EIC-Beamtest-FW\mRICH_hodo_DC_V1\mRICH_hodo_DC_V1\source\BMD_DC_TOP_V1.vhd" Line 262: Actual of formal out port o cannot be an expression
ERROR:HDLCompiler:69 - "C:\Users\Kevin\Desktop\HMB\EIC-Beamtest-FW\mRICH_hodo_DC_V1\mRICH_hodo_DC_V1\source\BMD_DC_TOP_V1.vhd" Line 263: <data_out_p> is not declared.
ERROR:HDLCompiler:192 - "C:\Users\Kevin\Desktop\HMB\EIC-Beamtest-FW\mRICH_hodo_DC_V1\mRICH_hodo_DC_V1\source\BMD_DC_TOP_V1.vhd" Line 263: Actual of formal out port ob cannot be an expression
WARNING:HDLCompiler:946 - "C:\Users\Kevin\Desktop\HMB\EIC-Beamtest-FW\mRICH_hodo_DC_V1\mRICH_hodo_DC_V1\source\BMD_DC_TOP_V1.vhd" Line 264: Actual for formal port i is neither a static name nor a globally static expression
ERROR:HDLCompiler:69 - "C:\Users\Kevin\Desktop\HMB\EIC-Beamtest-FW\mRICH_hodo_DC_V1\mRICH_hodo_DC_V1\source\BMD_DC_TOP_V1.vhd" Line 279: <rx_p> is not declared.
ERROR:HDLCompiler:69 - "C:\Users\Kevin\Desktop\HMB\EIC-Beamtest-FW\mRICH_hodo_DC_V1\mRICH_hodo_DC_V1\source\BMD_DC_TOP_V1.vhd" Line 280: <rx_n> is not declared.
ERROR:HDLCompiler:69 - "C:\Users\Kevin\Desktop\HMB\EIC-Beamtest-FW\mRICH_hodo_DC_V1\mRICH_hodo_DC_V1\source\BMD_DC_TOP_V1.vhd" Line 290: <data_in_p> is not declared.
ERROR:HDLCompiler:69 - "C:\Users\Kevin\Desktop\HMB\EIC-Beamtest-FW\mRICH_hodo_DC_V1\mRICH_hodo_DC_V1\source\BMD_DC_TOP_V1.vhd" Line 291: <data_in_n> is not declared.
ERROR:HDLCompiler:37 - "C:\Users\Kevin\Desktop\HMB\EIC-Beamtest-FW\mRICH_hodo_DC_V1\mRICH_hodo_DC_V1\source\BMD_DC_TOP_V1.vhd" Line 300: "tx_trig16" cannot be used in this expression.
ERROR:HDLCompiler:37 - "C:\Users\Kevin\Desktop\HMB\EIC-Beamtest-FW\mRICH_hodo_DC_V1\mRICH_hodo_DC_V1\source\BMD_DC_TOP_V1.vhd" Line 322: "mas_clk_n" cannot be used in this expression.
ERROR:HDLCompiler:37 - "C:\Users\Kevin\Desktop\HMB\EIC-Beamtest-FW\mRICH_hodo_DC_V1\mRICH_hodo_DC_V1\source\BMD_DC_TOP_V1.vhd" Line 323: "mas_clk_p" cannot be used in this expression.
WARNING:HDLCompiler:946 - "C:\Users\Kevin\Desktop\HMB\EIC-Beamtest-FW\mRICH_hodo_DC_V1\mRICH_hodo_DC_V1\source\BMD_DC_TOP_V1.vhd" Line 339: Actual for formal port c1 is neither a static name nor a globally static expression
Sorry, too many errors..
--> 

Total memory usage is 4455948 kilobytes

Number of errors   :   19 (   0 filtered)
Number of warnings :    4 (   0 filtered)
Number of infos    :    0 (   0 filtered)

